###B:.Models###
An item with the identifier 'action_id' was not found.
###E:.Models###
###B:.Models.internal###
An item with the identifier 'action_id' was not found.
###E:.Models.internal###
###B:.Models.internal.Localization###
An item with the identifier 'action_id' was not found.
###E:.Models.internal.Localization###
###B:.Models.internal.Localization.MessageTab###
An item with the identifier 'action_id' was not found.
###E:.Models.internal.Localization.MessageTab###
###B:.Models.internal.Localization.getMessage###
An item with the identifier 'action_id' was not found.
###E:.Models.internal.Localization.getMessage###
###B:.Models.internal.Localization.getText###
An item with the identifier 'action_id' was not found.
###E:.Models.internal.Localization.getText###
###B:.Models.internal.Admin###
An item with the identifier 'action_id' was not found.
###E:.Models.internal.Admin###
###B:.Models.internal.Admin.Folder4Objects###
An item with the identifier 'action_id' was not found.
###E:.Models.internal.Admin.Folder4Objects###
###B:.Models.internal.Admin.ExamNo###
An item with the identifier 'action_id' was not found.
###E:.Models.internal.Admin.ExamNo###
###B:.Models.internal.Admin.removeUnwantedCharacter###
An item with the identifier 'action_id' was not found.
###E:.Models.internal.Admin.removeUnwantedCharacter###
###B:.Models.internal.Admin.Workflow###
An item with the identifier 'action_id' was not found.
###E:.Models.internal.Admin.Workflow###
###B:.Models.internal.Admin.GeneralTable2ExampleTab###
An item with the identifier 'action_id' was not found.
###E:.Models.internal.Admin.GeneralTable2ExampleTab###
###B:.Models.internal.Admin.partitionDescription###
An item with the identifier 'action_id' was not found.
###E:.Models.internal.Admin.partitionDescription###
###B:.Models.internal.Admin.searchStr###
An item with the identifier 'action_id' was not found.
###E:.Models.internal.Admin.searchStr###
###B:.Models.internal.Admin.startSearch###
An item with the identifier 'action_id' was not found.
###E:.Models.internal.Admin.startSearch###
###B:.Models.internal.Admin.HTML###
An item with the identifier 'action_id' was not found.
###E:.Models.internal.Admin.HTML###
###B:.Models.internal.Admin.displayResults###
An item with the identifier 'action_id' was not found.
###E:.Models.internal.Admin.displayResults###
###B:.Models.internal.Admin.dispatcher###
An item with the identifier 'action_id' was not found.
###E:.Models.internal.Admin.dispatcher###
###B:.Models.internal.Admin.setExamNo###
An item with the identifier 'action_id' was not found.
###E:.Models.internal.Admin.setExamNo###
###B:.Models.internal.Admin.showComment###
An item with the identifier 'action_id' was not found.
###E:.Models.internal.Admin.showComment###
###B:.Models.internal.Admin.DropDownList###
An item with the identifier 'action_id' was not found.
###E:.Models.internal.Admin.DropDownList###
###B:.Models.internal.Admin.maxDescription###
An item with the identifier 'action_id' was not found.
###E:.Models.internal.Admin.maxDescription###
###B:.Models.internal.Admin.prepareSave###
An item with the identifier 'action_id' was not found.
###E:.Models.internal.Admin.prepareSave###
###B:.Models.internal.Admin.Comment2GeneralTable###
An item with the identifier 'action_id' was not found.
###E:.Models.internal.Admin.Comment2GeneralTable###
###B:.Models.internal.Admin.saveObject###
An item with the identifier 'action_id' was not found.
###E:.Models.internal.Admin.saveObject###
###B:.Models.internal.Admin.OpenGeneralTable###
An item with the identifier 'action_id' was not found.
###E:.Models.internal.Admin.OpenGeneralTable###
###B:.Models.internal.Admin.move_AxesOrigin###
An item with the identifier 'action_id' was not found.
###E:.Models.internal.Admin.move_AxesOrigin###
###B:.Models.internal.Admin.ExampleTab###
An item with the identifier 'action_id' was not found.
###E:.Models.internal.Admin.ExampleTab###
###B:.Models.internal.Admin.greenRectangle###
An item with the identifier 'action_id' was not found.
###E:.Models.internal.Admin.greenRectangle###
###B:.Models.internal.Admin.CalcScore###
An item with the identifier 'action_id' was not found.
###E:.Models.internal.Admin.CalcScore###
###B:.Models.internal.Admin.CountOccur###
An item with the identifier 'action_id' was not found.
###E:.Models.internal.Admin.CountOccur###
###B:.Models.internal.Admin.MarkText###
An item with the identifier 'action_id' was not found.
###E:.Models.internal.Admin.MarkText###
###B:.Models.internal.Admin.ExportToExcel###
An item with the identifier 'action_id' was not found.
###E:.Models.internal.Admin.ExportToExcel###
###B:.Models.internal.Admin.ImportKeywords###
An item with the identifier 'action_id' was not found.
###E:.Models.internal.Admin.ImportKeywords###
###B:.Models.internal.Admin.KeyWords###
An item with the identifier 'action_id' was not found.
###E:.Models.internal.Admin.KeyWords###
###B:.Models.internal.SelDlg###
An item with the identifier 'action_id' was not found.
###E:.Models.internal.SelDlg###
###B:.Models.internal.autoexec###
An item with the identifier 'action_id' was not found.
###E:.Models.internal.autoexec###
###B:.Models.internal.Method###
An item with the identifier 'action_id' was not found.
###E:.Models.internal.Method###
###B:.Models.internal.Variable###
An item with the identifier 'action_id' was not found.
###E:.Models.internal.Variable###
###B:.Models.internal.HtmlReport###
An item with the identifier 'action_id' was not found.
###E:.Models.internal.HtmlReport###
###B:.Models.internal.ReadMe###
An item with the identifier 'action_id' was not found.
###E:.Models.internal.ReadMe###
###B:.Models.internal.LiesMich###
An item with the identifier 'action_id' was not found.
###E:.Models.internal.LiesMich###
###B:.Models.internal.DropDownList###
An item with the identifier 'action_id' was not found.
###E:.Models.internal.DropDownList###
###B:.Models.internal.Comment###
An item with the identifier 'action_id' was not found.
###E:.Models.internal.Comment###
###B:.Models.internal.DataTable###
An item with the identifier 'action_id' was not found.
###E:.Models.internal.DataTable###
###B:.Models.SourceTrigger###
An item with the identifier 'action_id' was not found.
###E:.Models.SourceTrigger###
###B:.Models.SourceTrigger.SourceNumberAdjustable###
An item with the identifier 'action_id' was not found.
###E:.Models.SourceTrigger.SourceNumberAdjustable###
###B:.Models.SourceTrigger.SourceNumberAdjustable.Readme###
An item with the identifier 'action_id' was not found.
###E:.Models.SourceTrigger.SourceNumberAdjustable.Readme###
###B:.Models.SourceTrigger.SourceNumberAdjustable.Liesmich###
An item with the identifier 'action_id' was not found.
###E:.Models.SourceTrigger.SourceNumberAdjustable.Liesmich###
###B:.Models.SourceTrigger.SourceNumberAdjustable.EventController###
An item with the identifier 'action_id' was not found.
###E:.Models.SourceTrigger.SourceNumberAdjustable.EventController###
###B:.Models.SourceTrigger.SourceNumberAdjustable.init###
An item with the identifier 'action_id' was not found.
###E:.Models.SourceTrigger.SourceNumberAdjustable.init###
###B:.Models.SourceTrigger.SourceNumberAdjustable.Source###
An item with the identifier 'action_id' was not found.
###E:.Models.SourceTrigger.SourceNumberAdjustable.Source###
###B:.Models.SourceTrigger.SourceNumberAdjustable.Drain###
An item with the identifier 'action_id' was not found.
###E:.Models.SourceTrigger.SourceNumberAdjustable.Drain###
###B:.Models.SourceTrigger.SourceNumberAdjustable.endsim###
An item with the identifier 'action_id' was not found.
###E:.Models.SourceTrigger.SourceNumberAdjustable.endsim###
###B:.Models.SourceTrigger.SourceNumberAdjustable.GeneratedParts###
An item with the identifier 'action_id' was not found.
###E:.Models.SourceTrigger.SourceNumberAdjustable.GeneratedParts###
###B:.Models.SourceTrigger.SourceNumberAdjustable.MUselection###
An item with the identifier 'action_id' was not found.
###E:.Models.SourceTrigger.SourceNumberAdjustable.MUselection###
###B:.Models.SourceTrigger.SourceNumberAdjustable.Source_AsBatch###
An item with the identifier 'action_id' was not found.
###E:.Models.SourceTrigger.SourceNumberAdjustable.Source_AsBatch###
###B:.Models.SourceTrigger.SourceNumberAdjustable.Drain1###
An item with the identifier 'action_id' was not found.
###E:.Models.SourceTrigger.SourceNumberAdjustable.Drain1###
###B:.Models.SourceTrigger.SourceNumberAdjustable.GeneratedParts_AsBatch###
An item with the identifier 'action_id' was not found.
###E:.Models.SourceTrigger.SourceNumberAdjustable.GeneratedParts_AsBatch###
###B:.Models.SourceTrigger.SourceNumberAdjustable.Line###
An item with the identifier 'action_id' was not found.
###E:.Models.SourceTrigger.SourceNumberAdjustable.Line###
###B:.Models.SourceTrigger.SourceNumberAdjustable.Line1###
An item with the identifier 'action_id' was not found.
###E:.Models.SourceTrigger.SourceNumberAdjustable.Line1###
###B:.Models.SourceTrigger.SourceNumberAdjustable.Connector###
An item with the identifier 'action_id' was not found.
###E:.Models.SourceTrigger.SourceNumberAdjustable.Connector###
###B:.Models.SourceTrigger.SourceNumberAdjustable.Connector1###
An item with the identifier 'action_id' was not found.
###E:.Models.SourceTrigger.SourceNumberAdjustable.Connector1###
###B:.Models.SourceTrigger.SourceNumberAdjustable.Connector2###
An item with the identifier 'action_id' was not found.
###E:.Models.SourceTrigger.SourceNumberAdjustable.Connector2###
###B:.Models.SourceTrigger.SourceNumberAdjustable.Connector3###
An item with the identifier 'action_id' was not found.
###E:.Models.SourceTrigger.SourceNumberAdjustable.Connector3###
###B:.Models.SourceTrigger.SourceIntervalAdjustable###
An item with the identifier 'action_id' was not found.
###E:.Models.SourceTrigger.SourceIntervalAdjustable###
###B:.Models.SourceTrigger.SourceIntervalAdjustable.Readme###
An item with the identifier 'action_id' was not found.
###E:.Models.SourceTrigger.SourceIntervalAdjustable.Readme###
###B:.Models.SourceTrigger.SourceIntervalAdjustable.Liesmich###
An item with the identifier 'action_id' was not found.
###E:.Models.SourceTrigger.SourceIntervalAdjustable.Liesmich###
###B:.Models.SourceTrigger.SourceIntervalAdjustable.EventController###
An item with the identifier 'action_id' was not found.
###E:.Models.SourceTrigger.SourceIntervalAdjustable.EventController###
###B:.Models.SourceTrigger.SourceIntervalAdjustable.Source###
An item with the identifier 'action_id' was not found.
###E:.Models.SourceTrigger.SourceIntervalAdjustable.Source###
###B:.Models.SourceTrigger.SourceIntervalAdjustable.Drain###
An item with the identifier 'action_id' was not found.
###E:.Models.SourceTrigger.SourceIntervalAdjustable.Drain###
###B:.Models.SourceTrigger.SourceIntervalAdjustable.endsim###
An item with the identifier 'action_id' was not found.
###E:.Models.SourceTrigger.SourceIntervalAdjustable.endsim###
###B:.Models.SourceTrigger.SourceIntervalAdjustable.GeneratedParts_noBatch###
An item with the identifier 'action_id' was not found.
###E:.Models.SourceTrigger.SourceIntervalAdjustable.GeneratedParts_noBatch###
###B:.Models.SourceTrigger.SourceIntervalAdjustable.MUselection###
An item with the identifier 'action_id' was not found.
###E:.Models.SourceTrigger.SourceIntervalAdjustable.MUselection###
###B:.Models.SourceTrigger.SourceIntervalAdjustable.Source_Batches###
An item with the identifier 'action_id' was not found.
###E:.Models.SourceTrigger.SourceIntervalAdjustable.Source_Batches###
###B:.Models.SourceTrigger.SourceIntervalAdjustable.Drain1###
An item with the identifier 'action_id' was not found.
###E:.Models.SourceTrigger.SourceIntervalAdjustable.Drain1###
###B:.Models.SourceTrigger.SourceIntervalAdjustable.GeneratedParts_Batches###
An item with the identifier 'action_id' was not found.
###E:.Models.SourceTrigger.SourceIntervalAdjustable.GeneratedParts_Batches###
###B:.Models.SourceTrigger.SourceIntervalAdjustable.Source_Stop###
An item with the identifier 'action_id' was not found.
###E:.Models.SourceTrigger.SourceIntervalAdjustable.Source_Stop###
###B:.Models.SourceTrigger.SourceIntervalAdjustable.Drain2###
An item with the identifier 'action_id' was not found.
###E:.Models.SourceTrigger.SourceIntervalAdjustable.Drain2###
###B:.Models.SourceTrigger.SourceIntervalAdjustable.GeneratedParts_Stop###
An item with the identifier 'action_id' was not found.
###E:.Models.SourceTrigger.SourceIntervalAdjustable.GeneratedParts_Stop###
###B:.Models.SourceTrigger.SourceIntervalAdjustable.Line###
An item with the identifier 'action_id' was not found.
###E:.Models.SourceTrigger.SourceIntervalAdjustable.Line###
###B:.Models.SourceTrigger.SourceIntervalAdjustable.Line1###
An item with the identifier 'action_id' was not found.
###E:.Models.SourceTrigger.SourceIntervalAdjustable.Line1###
###B:.Models.SourceTrigger.SourceIntervalAdjustable.Line2###
An item with the identifier 'action_id' was not found.
###E:.Models.SourceTrigger.SourceIntervalAdjustable.Line2###
###B:.Models.SourceTrigger.SourceIntervalAdjustable.Connector###
An item with the identifier 'action_id' was not found.
###E:.Models.SourceTrigger.SourceIntervalAdjustable.Connector###
###B:.Models.SourceTrigger.SourceIntervalAdjustable.Connector1###
An item with the identifier 'action_id' was not found.
###E:.Models.SourceTrigger.SourceIntervalAdjustable.Connector1###
###B:.Models.SourceTrigger.SourceIntervalAdjustable.Connector2###
An item with the identifier 'action_id' was not found.
###E:.Models.SourceTrigger.SourceIntervalAdjustable.Connector2###
###B:.Models.SourceTrigger.SourceIntervalAdjustable.Connector3###
An item with the identifier 'action_id' was not found.
###E:.Models.SourceTrigger.SourceIntervalAdjustable.Connector3###
###B:.Models.SourceTrigger.SourceIntervalAdjustable.Connector4###
An item with the identifier 'action_id' was not found.
###E:.Models.SourceTrigger.SourceIntervalAdjustable.Connector4###
###B:.Models.SourceTrigger.SourceIntervalAdjustable.Connector5###
An item with the identifier 'action_id' was not found.
###E:.Models.SourceTrigger.SourceIntervalAdjustable.Connector5###
###B:.Models.SourceTrigger.SourceRandom###
An item with the identifier 'action_id' was not found.
###E:.Models.SourceTrigger.SourceRandom###
###B:.Models.SourceTrigger.SourceRandom.Source###
An item with the identifier 'action_id' was not found.
###E:.Models.SourceTrigger.SourceRandom.Source###
###B:.Models.SourceTrigger.SourceRandom.Line###
An item with the identifier 'action_id' was not found.
###E:.Models.SourceTrigger.SourceRandom.Line###
###B:.Models.SourceTrigger.SourceRandom.Readme###
An item with the identifier 'action_id' was not found.
###E:.Models.SourceTrigger.SourceRandom.Readme###
###B:.Models.SourceTrigger.SourceRandom.Liesmich###
An item with the identifier 'action_id' was not found.
###E:.Models.SourceTrigger.SourceRandom.Liesmich###
###B:.Models.SourceTrigger.SourceRandom.Drain###
An item with the identifier 'action_id' was not found.
###E:.Models.SourceTrigger.SourceRandom.Drain###
###B:.Models.SourceTrigger.SourceRandom.Frequencies###
An item with the identifier 'action_id' was not found.
###E:.Models.SourceTrigger.SourceRandom.Frequencies###
###B:.Models.SourceTrigger.SourceRandom.endsim###
An item with the identifier 'action_id' was not found.
###E:.Models.SourceTrigger.SourceRandom.endsim###
###B:.Models.SourceTrigger.SourceRandom.GeneratedParts###
An item with the identifier 'action_id' was not found.
###E:.Models.SourceTrigger.SourceRandom.GeneratedParts###
###B:.Models.SourceTrigger.SourceRandom.EventController###
An item with the identifier 'action_id' was not found.
###E:.Models.SourceTrigger.SourceRandom.EventController###
###B:.Models.SourceTrigger.SourceRandom.Kante7###
An item with the identifier 'action_id' was not found.
###E:.Models.SourceTrigger.SourceRandom.Kante7###
###B:.Models.SourceTrigger.SourceRandom.Connector###
An item with the identifier 'action_id' was not found.
###E:.Models.SourceTrigger.SourceRandom.Connector###
###B:.Models.SourceTrigger.SourcePercentage###
An item with the identifier 'action_id' was not found.
###E:.Models.SourceTrigger.SourcePercentage###
###B:.Models.SourceTrigger.SourcePercentage.Source###
An item with the identifier 'action_id' was not found.
###E:.Models.SourceTrigger.SourcePercentage.Source###
###B:.Models.SourceTrigger.SourcePercentage.Line###
An item with the identifier 'action_id' was not found.
###E:.Models.SourceTrigger.SourcePercentage.Line###
###B:.Models.SourceTrigger.SourcePercentage.Readme###
An item with the identifier 'action_id' was not found.
###E:.Models.SourceTrigger.SourcePercentage.Readme###
###B:.Models.SourceTrigger.SourcePercentage.Liesmich###
An item with the identifier 'action_id' was not found.
###E:.Models.SourceTrigger.SourcePercentage.Liesmich###
###B:.Models.SourceTrigger.SourcePercentage.Drain###
An item with the identifier 'action_id' was not found.
###E:.Models.SourceTrigger.SourcePercentage.Drain###
###B:.Models.SourceTrigger.SourcePercentage.Frequencies###
An item with the identifier 'action_id' was not found.
###E:.Models.SourceTrigger.SourcePercentage.Frequencies###
###B:.Models.SourceTrigger.SourcePercentage.endsim###
An item with the identifier 'action_id' was not found.
###E:.Models.SourceTrigger.SourcePercentage.endsim###
###B:.Models.SourceTrigger.SourcePercentage.GeneratedParts###
An item with the identifier 'action_id' was not found.
###E:.Models.SourceTrigger.SourcePercentage.GeneratedParts###
###B:.Models.SourceTrigger.SourcePercentage.EventController###
An item with the identifier 'action_id' was not found.
###E:.Models.SourceTrigger.SourcePercentage.EventController###
###B:.Models.SourceTrigger.SourcePercentage.Kante7###
An item with the identifier 'action_id' was not found.
###E:.Models.SourceTrigger.SourcePercentage.Kante7###
###B:.Models.SourceTrigger.SourcePercentage.Connector###
An item with the identifier 'action_id' was not found.
###E:.Models.SourceTrigger.SourcePercentage.Connector###
###B:.Models.SourceTrigger.SourceTrigger###
An item with the identifier 'action_id' was not found.
###E:.Models.SourceTrigger.SourceTrigger###
###B:.Models.SourceTrigger.SourceTrigger.Source###
An item with the identifier 'action_id' was not found.
###E:.Models.SourceTrigger.SourceTrigger.Source###
###B:.Models.SourceTrigger.SourceTrigger.Line###
An item with the identifier 'action_id' was not found.
###E:.Models.SourceTrigger.SourceTrigger.Line###
###B:.Models.SourceTrigger.SourceTrigger.Readme###
An item with the identifier 'action_id' was not found.
###E:.Models.SourceTrigger.SourceTrigger.Readme###
###B:.Models.SourceTrigger.SourceTrigger.Liesmich###
An item with the identifier 'action_id' was not found.
###E:.Models.SourceTrigger.SourceTrigger.Liesmich###
###B:.Models.SourceTrigger.SourceTrigger.Trigger2###
An item with the identifier 'action_id' was not found.
###E:.Models.SourceTrigger.SourceTrigger.Trigger2###
###B:.Models.SourceTrigger.SourceTrigger.Trigger1###
An item with the identifier 'action_id' was not found.
###E:.Models.SourceTrigger.SourceTrigger.Trigger1###
###B:.Models.SourceTrigger.SourceTrigger.Drain###
An item with the identifier 'action_id' was not found.
###E:.Models.SourceTrigger.SourceTrigger.Drain###
###B:.Models.SourceTrigger.SourceTrigger.init###
An item with the identifier 'action_id' was not found.
###E:.Models.SourceTrigger.SourceTrigger.init###
###B:.Models.SourceTrigger.SourceTrigger.endsim###
An item with the identifier 'action_id' was not found.
###E:.Models.SourceTrigger.SourceTrigger.endsim###
###B:.Models.SourceTrigger.SourceTrigger.GeneratedParts###
An item with the identifier 'action_id' was not found.
###E:.Models.SourceTrigger.SourceTrigger.GeneratedParts###
###B:.Models.SourceTrigger.SourceTrigger.EventController###
An item with the identifier 'action_id' was not found.
###E:.Models.SourceTrigger.SourceTrigger.EventController###
###B:.Models.SourceTrigger.SourceTrigger.Kante7###
An item with the identifier 'action_id' was not found.
###E:.Models.SourceTrigger.SourceTrigger.Kante7###
###B:.Models.SourceTrigger.SourceTrigger.Connector###
An item with the identifier 'action_id' was not found.
###E:.Models.SourceTrigger.SourceTrigger.Connector###
###B:.Models.SourceTrigger.A###
An item with the identifier 'action_id' was not found.
###E:.Models.SourceTrigger.A###
###B:.Models.SourceTrigger.B###
An item with the identifier 'action_id' was not found.
###E:.Models.SourceTrigger.B###
###B:.Models.SourceTrigger.C###
An item with the identifier 'action_id' was not found.
###E:.Models.SourceTrigger.C###
###B:.Models.Animation3D###
An item with the identifier 'action_id' was not found.
###E:.Models.Animation3D###
###B:.Models.Animation3D.RobotArm###
An item with the identifier 'action_id' was not found.
###E:.Models.Animation3D.RobotArm###
###B:.Models.Animation3D.RobotArm.EventController###
An item with the identifier 'action_id' was not found.
###E:.Models.Animation3D.RobotArm.EventController###
###B:.Models.Animation3D.RobotArm.Source###
An item with the identifier 'action_id' was not found.
###E:.Models.Animation3D.RobotArm.Source###
###B:.Models.Animation3D.RobotArm.Station###
An item with the identifier 'action_id' was not found.
###E:.Models.Animation3D.RobotArm.Station###
###B:.Models.Animation3D.RobotArm.Connector###
An item with the identifier 'action_id' was not found.
###E:.Models.Animation3D.RobotArm.Connector###
###B:.Models.Animation3D.RobotArm.PickAndPlace###
An item with the identifier 'action_id' was not found.
###E:.Models.Animation3D.RobotArm.PickAndPlace###
###B:.Models.Animation3D.RobotArm.Connector1###
An item with the identifier 'action_id' was not found.
###E:.Models.Animation3D.RobotArm.Connector1###
###B:.Models.Animation3D.RobotArm.Station1###
An item with the identifier 'action_id' was not found.
###E:.Models.Animation3D.RobotArm.Station1###
###B:.Models.Animation3D.RobotArm.Connector2###
An item with the identifier 'action_id' was not found.
###E:.Models.Animation3D.RobotArm.Connector2###
###B:.Models.Animation3D.RobotArm.Drain###
An item with the identifier 'action_id' was not found.
###E:.Models.Animation3D.RobotArm.Drain###
###B:.Models.Animation3D.RobotArm.Connector3###
An item with the identifier 'action_id' was not found.
###E:.Models.Animation3D.RobotArm.Connector3###
###B:.Models.Animation3D.RobotArm.ReadMe###
An item with the identifier 'action_id' was not found.
###E:.Models.Animation3D.RobotArm.ReadMe###
###B:.Models.Animation3D.RobotArm.LiesMich###
An item with the identifier 'action_id' was not found.
###E:.Models.Animation3D.RobotArm.LiesMich###
###B:.Models.Animation3D.Part###
An item with the identifier 'action_id' was not found.
###E:.Models.Animation3D.Part###
###B:.SimtalkClaude###
An item with the identifier 'action_id' was not found.
###E:.SimtalkClaude###