=== batch 10: 8 paths ===
.Models.SourceTrigger.SourceIntervalAdjustable.Line	Conveyor	failed
.Models.SourceTrigger.SourceIntervalAdjustable.Line1	Conveyor	failed
.Models.SourceTrigger.SourceIntervalAdjustable.Line2	Conveyor	failed
.Models.SourceTrigger.SourceIntervalAdjustable.Connector	Connector	failed
.Models.SourceTrigger.SourceIntervalAdjustable.Connector1	Connector	failed
.Models.SourceTrigger.SourceIntervalAdjustable.Connector2	Connector	failed
.Models.SourceTrigger.SourceIntervalAdjustable.Connector3	Connector	failed
.Models.SourceTrigger.SourceIntervalAdjustable.Connector4	Connector	failed

--- LOG ---
2026-08-31 21:00:22: Log file opened! Application Version: 2606.0002, UTC: 2026-08-31 13:00:22
2026-08-31 21:00:22: execute sim-code: 'var o: object
o := s......'
2026-08-31 21:00:22: execute sim-code: 'var o: object
o := s......'
2026-08-31 21:00:22: execute sim-code: 'var o: object
o := s......'
2026-08-31 21:00:22: execute sim-code: 'var o: object
o := s......'
2026-08-31 21:00:22: execute sim-code: 'var o: object
o := s......'
2026-08-31 21:00:22: execute sim-code: 'var o: object
o := s......'
2026-08-31 21:00:22: execute sim-code: 'var o: object
o := s......'
2026-08-31 21:00:22: execute sim-code: 'var o: object
o := s......'
