=== batch 0: 8 paths ===
.Models	Folder	success
.Models.internal	Folder	success
.Models.internal.Localization	Folder	success
.Models.internal.Localization.MessageTab	DataTable	failed
.Models.internal.Localization.getMessage	Method	failed
.Models.internal.Localization.getText	Method	failed
.Models.internal.Admin	Frame	success
.Models.internal.Admin.Folder4Objects	Variable	failed

--- LOG ---
2026-08-31 20:59:59: Log file opened! Application Version: 2606.0002, UTC: 2026-08-31 12:59:59
2026-08-31 21:00:19: execute sim-code: 'var o: object
o := s......'
2026-08-31 21:00:19: ###B:.Models###
2026-08-31 21:00:19: T=Folder
2026-08-31 21:00:19: N=Models
2026-08-31 21:00:19: ###E:.Models###
2026-08-31 21:00:19: execute sim-code: 'var o: object
o := s......'
2026-08-31 21:00:19: ###B:.Models.internal###
2026-08-31 21:00:19: T=Folder
2026-08-31 21:00:19: N=internal
2026-08-31 21:00:19: ###E:.Models.internal###
2026-08-31 21:00:19: execute sim-code: 'var o: object
o := s......'
2026-08-31 21:00:19: ###B:.Models.internal.Localization###
2026-08-31 21:00:19: T=Folder
2026-08-31 21:00:19: N=Localization
2026-08-31 21:00:19: ###E:.Models.internal.Localization###
2026-08-31 21:00:19: execute sim-code: 'var o: object
o := s......'
2026-08-31 21:00:19: execute sim-code: 'var o: object
o := s......'
2026-08-31 21:00:19: execute sim-code: 'var o: object
o := s......'
2026-08-31 21:00:19: execute sim-code: 'var o: object
o := s......'
2026-08-31 21:00:19: ###B:.Models.internal.Admin###
2026-08-31 21:00:19: T=Frame
2026-08-31 21:00:19: N=Admin
2026-08-31 21:00:19: ###E:.Models.internal.Admin###
2026-08-31 21:00:19: execute sim-code: 'var o: object
o := s......'
