=== batch 3: 8 paths ===
.Models.internal.Admin.saveObject	Method	failed
.Models.internal.Admin.OpenGeneralTable	Method	failed
.Models.internal.Admin.move_AxesOrigin	Method	failed
.Models.internal.Admin.ExampleTab	DataTable	failed
.Models.internal.Admin.greenRectangle	Method	failed
.Models.internal.Admin.CalcScore	Method	failed
.Models.internal.Admin.CountOccur	Method	failed
.Models.internal.Admin.MarkText	Method	failed

--- LOG ---
2026-08-31 21:00:20: Log file opened! Application Version: 2606.0002, UTC: 2026-08-31 13:00:20
2026-08-31 21:00:20: execute sim-code: 'var o: object
o := s......'
2026-08-31 21:00:20: execute sim-code: 'var o: object
o := s......'
2026-08-31 21:00:20: execute sim-code: 'var o: object
o := s......'
2026-08-31 21:00:20: execute sim-code: 'var o: object
o := s......'
2026-08-31 21:00:20: execute sim-code: 'var o: object
o := s......'
2026-08-31 21:00:20: execute sim-code: 'var o: object
o := s......'
2026-08-31 21:00:20: execute sim-code: 'var o: object
o := s......'
2026-08-31 21:00:20: execute sim-code: 'var o: object
o := s......'
