=== batch 6: 8 paths ===
.Models.SourceTrigger.SourceNumberAdjustable.Liesmich	Comment	failed
.Models.SourceTrigger.SourceNumberAdjustable.EventController	EventController	failed
.Models.SourceTrigger.SourceNumberAdjustable.init	Method	failed
.Models.SourceTrigger.SourceNumberAdjustable.Source	Source	failed
.Models.SourceTrigger.SourceNumberAdjustable.Drain	Drain	success
.Models.SourceTrigger.SourceNumberAdjustable.endsim	Method	failed
.Models.SourceTrigger.SourceNumberAdjustable.GeneratedParts	DataTable	failed
.Models.SourceTrigger.SourceNumberAdjustable.MUselection	DataTable	failed

--- LOG ---
2026-08-31 21:00:21: Log file opened! Application Version: 2606.0002, UTC: 2026-08-31 13:00:21
2026-08-31 21:00:21: execute sim-code: 'var o: object
o := s......'
2026-08-31 21:00:21: execute sim-code: 'var o: object
o := s......'
2026-08-31 21:00:21: execute sim-code: 'var o: object
o := s......'
2026-08-31 21:00:21: execute sim-code: 'var o: object
o := s......'
2026-08-31 21:00:21: execute sim-code: 'var o: object
o := s......'
2026-08-31 21:00:21: ###B:.Models.SourceTrigger.SourceNumberAdjustable.Drain###
2026-08-31 21:00:21: T=Drain
2026-08-31 21:00:21: N=Drain
2026-08-31 21:00:21: ###E:.Models.SourceTrigger.SourceNumberAdjustable.Drain###
2026-08-31 21:00:21: execute sim-code: 'var o: object
o := s......'
2026-08-31 21:00:21: execute sim-code: 'var o: object
o := s......'
2026-08-31 21:00:21: execute sim-code: 'var o: object
o := s......'
