=== batch 8: 8 paths ===
.Models.SourceTrigger.SourceNumberAdjustable.Connector3	Connector	failed
.Models.SourceTrigger.SourceIntervalAdjustable	Frame	success
.Models.SourceTrigger.SourceIntervalAdjustable.Readme	Comment	failed
.Models.SourceTrigger.SourceIntervalAdjustable.Liesmich	Comment	failed
.Models.SourceTrigger.SourceIntervalAdjustable.EventController	EventController	failed
.Models.SourceTrigger.SourceIntervalAdjustable.Source	Source	failed
.Models.SourceTrigger.SourceIntervalAdjustable.Drain	Drain	success
.Models.SourceTrigger.SourceIntervalAdjustable.endsim	Method	failed

--- LOG ---
2026-08-31 21:00:21: Log file opened! Application Version: 2606.0002, UTC: 2026-08-31 13:00:21
2026-08-31 21:00:21: execute sim-code: 'var o: object
o := s......'
2026-08-31 21:00:21: execute sim-code: 'var o: object
o := s......'
2026-08-31 21:00:21: ###B:.Models.SourceTrigger.SourceIntervalAdjustable###
2026-08-31 21:00:21: T=Frame
2026-08-31 21:00:21: N=SourceIntervalAdjustable
2026-08-31 21:00:21: ###E:.Models.SourceTrigger.SourceIntervalAdjustable###
2026-08-31 21:00:21: execute sim-code: 'var o: object
o := s......'
2026-08-31 21:00:21: execute sim-code: 'var o: object
o := s......'
2026-08-31 21:00:21: execute sim-code: 'var o: object
o := s......'
2026-08-31 21:00:21: execute sim-code: 'var o: object
o := s......'
2026-08-31 21:00:21: execute sim-code: 'var o: object
o := s......'
2026-08-31 21:00:21: ###B:.Models.SourceTrigger.SourceIntervalAdjustable.Drain###
2026-08-31 21:00:21: T=Drain
2026-08-31 21:00:21: N=Drain
2026-08-31 21:00:21: ###E:.Models.SourceTrigger.SourceIntervalAdjustable.Drain###
2026-08-31 21:00:21: execute sim-code: 'var o: object
o := s......'
