=== batch 2: 8 paths ===
.Models.internal.Admin.displayResults	Method	failed
.Models.internal.Admin.dispatcher	Method	failed
.Models.internal.Admin.setExamNo	Method	failed
.Models.internal.Admin.showComment	Method	failed
.Models.internal.Admin.DropDownList	DropDownList	failed
.Models.internal.Admin.maxDescription	Variable	failed
.Models.internal.Admin.prepareSave	Method	failed
.Models.internal.Admin.Comment2GeneralTable	Method	failed

--- LOG ---
2026-08-31 21:00:19: Log file opened! Application Version: 2606.0002, UTC: 2026-08-31 13:00:19
2026-08-31 21:00:19: execute sim-code: 'var o: object
o := s......'
2026-08-31 21:00:19: execute sim-code: 'var o: object
o := s......'
2026-08-31 21:00:19: execute sim-code: 'var o: object
o := s......'
2026-08-31 21:00:19: execute sim-code: 'var o: object
o := s......'
2026-08-31 21:00:19: execute sim-code: 'var o: object
o := s......'
2026-08-31 21:00:20: execute sim-code: 'var o: object
o := s......'
2026-08-31 21:00:20: execute sim-code: 'var o: object
o := s......'
2026-08-31 21:00:20: execute sim-code: 'var o: object
o := s......'
