=== batch 1: 8 paths ===
.Models.internal.Admin.ExamNo	Variable	failed
.Models.internal.Admin.removeUnwantedCharacter	Method	failed
.Models.internal.Admin.Workflow	Comment	failed
.Models.internal.Admin.GeneralTable2ExampleTab	Method	failed
.Models.internal.Admin.partitionDescription	Method	failed
.Models.internal.Admin.searchStr	Variable	failed
.Models.internal.Admin.startSearch	Method	failed
.Models.internal.Admin.HTML	Comment	failed

--- LOG ---
2026-08-31 21:00:19: Log file opened! Application Version: 2606.0002, UTC: 2026-08-31 13:00:19
2026-08-31 21:00:19: execute sim-code: 'var o: object
o := s......'
2026-08-31 21:00:19: execute sim-code: 'var o: object
o := s......'
2026-08-31 21:00:19: execute sim-code: 'var o: object
o := s......'
2026-08-31 21:00:19: execute sim-code: 'var o: object
o := s......'
2026-08-31 21:00:19: execute sim-code: 'var o: object
o := s......'
2026-08-31 21:00:19: execute sim-code: 'var o: object
o := s......'
2026-08-31 21:00:19: execute sim-code: 'var o: object
o := s......'
2026-08-31 21:00:19: execute sim-code: 'var o: object
o := s......'
