=== batch 9: 8 paths ===
.Models.SourceTrigger.SourceIntervalAdjustable.GeneratedParts_noBatch	DataTable	failed
.Models.SourceTrigger.SourceIntervalAdjustable.MUselection	DataTable	failed
.Models.SourceTrigger.SourceIntervalAdjustable.Source_Batches	Source	failed
.Models.SourceTrigger.SourceIntervalAdjustable.Drain1	Drain	success
.Models.SourceTrigger.SourceIntervalAdjustable.GeneratedParts_Batches	DataTable	failed
.Models.SourceTrigger.SourceIntervalAdjustable.Source_Stop	Source	failed
.Models.SourceTrigger.SourceIntervalAdjustable.Drain2	Drain	success
.Models.SourceTrigger.SourceIntervalAdjustable.GeneratedParts_Stop	DataTable	failed

--- LOG ---
2026-08-31 21:00:22: Log file opened! Application Version: 2606.0002, UTC: 2026-08-31 13:00:22
2026-08-31 21:00:22: execute sim-code: 'var o: object
o := s......'
2026-08-31 21:00:22: execute sim-code: 'var o: object
o := s......'
2026-08-31 21:00:22: execute sim-code: 'var o: object
o := s......'
2026-08-31 21:00:22: execute sim-code: 'var o: object
o := s......'
2026-08-31 21:00:22: ###B:.Models.SourceTrigger.SourceIntervalAdjustable.Drain1###
2026-08-31 21:00:22: T=Drain
2026-08-31 21:00:22: N=Drain1
2026-08-31 21:00:22: ###E:.Models.SourceTrigger.SourceIntervalAdjustable.Drain1###
2026-08-31 21:00:22: execute sim-code: 'var o: object
o := s......'
2026-08-31 21:00:22: execute sim-code: 'var o: object
o := s......'
2026-08-31 21:00:22: execute sim-code: 'var o: object
o := s......'
2026-08-31 21:00:22: ###B:.Models.SourceTrigger.SourceIntervalAdjustable.Drain2###
2026-08-31 21:00:22: T=Drain
2026-08-31 21:00:22: N=Drain2
2026-08-31 21:00:22: ###E:.Models.SourceTrigger.SourceIntervalAdjustable.Drain2###
2026-08-31 21:00:22: execute sim-code: 'var o: object
o := s......'
