=== batch 12: 8 paths ===
.Models.SourceTrigger.SourceRandom.endsim	Method	failed
.Models.SourceTrigger.SourceRandom.GeneratedParts	DataTable	failed
.Models.SourceTrigger.SourceRandom.EventController	EventController	failed
.Models.SourceTrigger.SourceRandom.Kante7	Connector	failed
.Models.SourceTrigger.SourceRandom.Connector	Connector	failed
.Models.SourceTrigger.SourcePercentage	Frame	success
.Models.SourceTrigger.SourcePercentage.Source	Source	failed
.Models.SourceTrigger.SourcePercentage.Line	Conveyor	failed

--- LOG ---
2026-08-31 21:00:22: Log file opened! Application Version: 2606.0002, UTC: 2026-08-31 13:00:22
2026-08-31 21:00:22: execute sim-code: 'var o: object
o := s......'
2026-08-31 21:00:22: execute sim-code: 'var o: object
o := s......'
2026-08-31 21:00:22: execute sim-code: 'var o: object
o := s......'
2026-08-31 21:00:22: execute sim-code: 'var o: object
o := s......'
2026-08-31 21:00:22: execute sim-code: 'var o: object
o := s......'
2026-08-31 21:00:22: execute sim-code: 'var o: object
o := s......'
2026-08-31 21:00:22: ###B:.Models.SourceTrigger.SourcePercentage###
2026-08-31 21:00:22: T=Frame
2026-08-31 21:00:22: N=SourcePercentage
2026-08-31 21:00:22: ###E:.Models.SourceTrigger.SourcePercentage###
2026-08-31 21:00:22: execute sim-code: 'var o: object
o := s......'
2026-08-31 21:00:22: execute sim-code: 'var o: object
o := s......'
