=== batch 17: 8 paths ===
.Models.Animation3D.RobotArm.PickAndPlace	PickAndPlace	failed
.Models.Animation3D.RobotArm.Connector1	Connector	failed
.Models.Animation3D.RobotArm.Station1	Station	failed
.Models.Animation3D.RobotArm.Connector2	Connector	failed
.Models.Animation3D.RobotArm.Drain	Drain	success
.Models.Animation3D.RobotArm.Connector3	Connector	failed
.Models.Animation3D.RobotArm.ReadMe	Comment	failed
.Models.Animation3D.RobotArm.LiesMich	Comment	failed

--- LOG ---
2026-08-31 21:00:24: Log file opened! Application Version: 2606.0002, UTC: 2026-08-31 13:00:24
2026-08-31 21:00:24: execute sim-code: 'var o: object
o := s......'
2026-08-31 21:00:24: execute sim-code: 'var o: object
o := s......'
2026-08-31 21:00:24: execute sim-code: 'var o: object
o := s......'
2026-08-31 21:00:24: execute sim-code: 'var o: object
o := s......'
2026-08-31 21:00:24: execute sim-code: 'var o: object
o := s......'
2026-08-31 21:00:24: ###B:.Models.Animation3D.RobotArm.Drain###
2026-08-31 21:00:24: T=Drain
2026-08-31 21:00:24: N=Drain
2026-08-31 21:00:24: ###E:.Models.Animation3D.RobotArm.Drain###
2026-08-31 21:00:24: execute sim-code: 'var o: object
o := s......'
2026-08-31 21:00:24: execute sim-code: 'var o: object
o := s......'
2026-08-31 21:00:24: execute sim-code: 'var o: object
o := s......'
