=== batch 13: 8 paths ===
.Models.SourceTrigger.SourcePercentage.Readme	Comment	failed
.Models.SourceTrigger.SourcePercentage.Liesmich	Comment	failed
.Models.SourceTrigger.SourcePercentage.Drain	Drain	success
.Models.SourceTrigger.SourcePercentage.Frequencies	DataTable	failed
.Models.SourceTrigger.SourcePercentage.endsim	Method	failed
.Models.SourceTrigger.SourcePercentage.GeneratedParts	DataTable	failed
.Models.SourceTrigger.SourcePercentage.EventController	EventController	failed
.Models.SourceTrigger.SourcePercentage.Kante7	Connector	failed

--- LOG ---
2026-08-31 21:00:23: Log file opened! Application Version: 2606.0002, UTC: 2026-08-31 13:00:23
2026-08-31 21:00:23: execute sim-code: 'var o: object
o := s......'
2026-08-31 21:00:23: execute sim-code: 'var o: object
o := s......'
2026-08-31 21:00:23: execute sim-code: 'var o: object
o := s......'
2026-08-31 21:00:23: ###B:.Models.SourceTrigger.SourcePercentage.Drain###
2026-08-31 21:00:23: T=Drain
2026-08-31 21:00:23: N=Drain
2026-08-31 21:00:23: ###E:.Models.SourceTrigger.SourcePercentage.Drain###
2026-08-31 21:00:23: execute sim-code: 'var o: object
o := s......'
2026-08-31 21:00:23: execute sim-code: 'var o: object
o := s......'
2026-08-31 21:00:23: execute sim-code: 'var o: object
o := s......'
2026-08-31 21:00:23: execute sim-code: 'var o: object
o := s......'
2026-08-31 21:00:23: execute sim-code: 'var o: object
o := s......'
