=== batch 11: 8 paths ===
.Models.SourceTrigger.SourceIntervalAdjustable.Connector5	Connector	failed
.Models.SourceTrigger.SourceRandom	Frame	success
.Models.SourceTrigger.SourceRandom.Source	Source	failed
.Models.SourceTrigger.SourceRandom.Line	Conveyor	failed
.Models.SourceTrigger.SourceRandom.Readme	Comment	failed
.Models.SourceTrigger.SourceRandom.Liesmich	Comment	failed
.Models.SourceTrigger.SourceRandom.Drain	Drain	success
.Models.SourceTrigger.SourceRandom.Frequencies	DataTable	failed

--- LOG ---
2026-08-31 21:00:22: Log file opened! Application Version: 2606.0002, UTC: 2026-08-31 13:00:22
2026-08-31 21:00:22: execute sim-code: 'var o: object
o := s......'
2026-08-31 21:00:22: execute sim-code: 'var o: object
o := s......'
2026-08-31 21:00:22: ###B:.Models.SourceTrigger.SourceRandom###
2026-08-31 21:00:22: T=Frame
2026-08-31 21:00:22: N=SourceRandom
2026-08-31 21:00:22: ###E:.Models.SourceTrigger.SourceRandom###
2026-08-31 21:00:22: execute sim-code: 'var o: object
o := s......'
2026-08-31 21:00:22: execute sim-code: 'var o: object
o := s......'
2026-08-31 21:00:22: execute sim-code: 'var o: object
o := s......'
2026-08-31 21:00:22: execute sim-code: 'var o: object
o := s......'
2026-08-31 21:00:22: execute sim-code: 'var o: object
o := s......'
2026-08-31 21:00:22: ###B:.Models.SourceTrigger.SourceRandom.Drain###
2026-08-31 21:00:22: T=Drain
2026-08-31 21:00:22: N=Drain
2026-08-31 21:00:22: ###E:.Models.SourceTrigger.SourceRandom.Drain###
2026-08-31 21:00:22: execute sim-code: 'var o: object
o := s......'
