=== batch 5: 8 paths ===
.Models.internal.ReadMe	Comment	failed
.Models.internal.LiesMich	Comment	failed
.Models.internal.DropDownList	DropDownList	failed
.Models.internal.Comment	Comment	failed
.Models.internal.DataTable	DataTable	failed
.Models.SourceTrigger	Folder	success
.Models.SourceTrigger.SourceNumberAdjustable	Frame	success
.Models.SourceTrigger.SourceNumberAdjustable.Readme	Comment	failed

--- LOG ---
2026-08-31 21:00:20: Log file opened! Application Version: 2606.0002, UTC: 2026-08-31 13:00:20
2026-08-31 21:00:20: execute sim-code: 'var o: object
o := s......'
2026-08-31 21:00:20: execute sim-code: 'var o: object
o := s......'
2026-08-31 21:00:20: execute sim-code: 'var o: object
o := s......'
2026-08-31 21:00:20: execute sim-code: 'var o: object
o := s......'
2026-08-31 21:00:20: execute sim-code: 'var o: object
o := s......'
2026-08-31 21:00:20: execute sim-code: 'var o: object
o := s......'
2026-08-31 21:00:20: ###B:.Models.SourceTrigger###
2026-08-31 21:00:20: T=Folder
2026-08-31 21:00:20: N=SourceTrigger
2026-08-31 21:00:20: ###E:.Models.SourceTrigger###
2026-08-31 21:00:20: execute sim-code: 'var o: object
o := s......'
2026-08-31 21:00:20: ###B:.Models.SourceTrigger.SourceNumberAdjustable###
2026-08-31 21:00:20: T=Frame
2026-08-31 21:00:20: N=SourceNumberAdjustable
2026-08-31 21:00:20: ###E:.Models.SourceTrigger.SourceNumberAdjustable###
2026-08-31 21:00:20: execute sim-code: 'var o: object
o := s......'
