=== batch 16: 8 paths ===
.Models.SourceTrigger.B	Part	failed
.Models.SourceTrigger.C	Part	failed
.Models.Animation3D	Folder	success
.Models.Animation3D.RobotArm	Frame	success
.Models.Animation3D.RobotArm.EventController	EventController	failed
.Models.Animation3D.RobotArm.Source	Source	failed
.Models.Animation3D.RobotArm.Station	Station	failed
.Models.Animation3D.RobotArm.Connector	Connector	failed

--- LOG ---
2026-08-31 21:00:23: Log file opened! Application Version: 2606.0002, UTC: 2026-08-31 13:00:23
2026-08-31 21:00:23: execute sim-code: 'var o: object
o := s......'
2026-08-31 21:00:23: execute sim-code: 'var o: object
o := s......'
2026-08-31 21:00:23: execute sim-code: 'var o: object
o := s......'
2026-08-31 21:00:23: ###B:.Models.Animation3D###
2026-08-31 21:00:23: T=Folder
2026-08-31 21:00:23: N=Animation3D
2026-08-31 21:00:23: ###E:.Models.Animation3D###
2026-08-31 21:00:23: execute sim-code: 'var o: object
o := s......'
2026-08-31 21:00:23: ###B:.Models.Animation3D.RobotArm###
2026-08-31 21:00:23: T=Frame
2026-08-31 21:00:23: N=RobotArm
2026-08-31 21:00:23: ###E:.Models.Animation3D.RobotArm###
2026-08-31 21:00:23: execute sim-code: 'var o: object
o := s......'
2026-08-31 21:00:23: execute sim-code: 'var o: object
o := s......'
2026-08-31 21:00:23: execute sim-code: 'var o: object
o := s......'
2026-08-31 21:00:23: execute sim-code: 'var o: object
o := s......'
