=== Read .MaterialFlow.Connector.Pause ===
  EXEC FAIL: result='success' log='code execute failed. error msg:Unknown identifier \'Pause\', in code \'var obj: object := str_to_obj(".MaterialFlow.Connector")\nif obj = void\n  print "###MARKER###"\n  print "ERR: str_to_obj returned void for path=.MaterialFlow.Connector"\n  print "###END###"\n  return\nend\nprint "###MARKER###"\nprint "Pause: " + to_str(obj.Pause)\nprint "###END###"\n\''

=== .MaterialFlow.Connector.Pause (None) ===
=== Read .MaterialFlow.Sorter.Supermarket ===
  EXEC FAIL: result='success' log='code execute failed. error msg:Unknown identifier \'Supermarket\', in code \'var obj: object := str_to_obj(".MaterialFlow.Sorter")\nif obj = void\n  print "###MARKER###"\n  print "ERR: str_to_obj returned void for path=.MaterialFlow.Sorter"\n  print "###END###"\n  return\nend\nprint "###MARKER###"\nprint "Supermarket: " + to_str(obj.Supermarket)\nprint "###END###"\n\''

=== .MaterialFlow.Sorter.Supermarket (None) ===
=== Read .MaterialFlow.Store.XDim ===
  2026-08-26 13:26:28: ###MARKER###
  2026-08-26 13:26:28: XDim: 3
  2026-08-26 13:26:28:
=== Read .MaterialFlow.ParallelStation.Pause ===
=== .MaterialFlow.ParallelStation.Pause (None) ===
  2026-08-26 13:26:30: Pause: false
  2026-08-26 13:26:30:
=== Read .MaterialFlow.Track.Width ===
=== .MaterialFlow.Track.Width (None) ===
  2026-08-26 13:26:31: Width: 0.3
  2026-08-26 13:26:31:
=== Read .MaterialFlow.FlowControl.EntryBlocking ===
=== .MaterialFlow.FlowControl.EntryBlocking (None) ===
  2026-08-26 13:26:32: EntryBlocking: false
  2026-08-26 13:26:32:
=== Read .MaterialFlow.Cycle.EmptyCycleAllowed ===
=== .MaterialFlow.Cycle.EmptyCycleAllowed (None) ===
  2026-08-26 13:26:34: EmptyCycleAllowed: true
  2026-08-26 13:26:34:
