
=========== .Models.Animation3D.Part  [{'type': 'Part', 'result': 'success'}]  immediate=execute success ===========
2026-08-31 21:04:31: Log file opened! Application Version: 2606.0002, UTC: 2026-08-31 13:04:31
2026-08-31 21:05:03: execute sim-code: 'var o: object
o := s......'
2026-08-31 21:05:03: ###B:.Models.Animation3D.Part###
2026-08-31 21:05:03: T=Part
2026-08-31 21:05:03: N=Part
2026-08-31 21:05:03: ###E:.Models.Animation3D.Part###

=========== .Models.Animation3D.RobotArm.Connector  [{'type': 'Connector', 'result': 'success'}]  immediate=execute success ===========
2026-08-31 21:05:03: Log file opened! Application Version: 2606.0002, UTC: 2026-08-31 13:05:03
2026-08-31 21:05:03: execute sim-code: 'var o: object
o := s......'
2026-08-31 21:05:03: ###B:.Models.Animation3D.RobotArm.Connector###
2026-08-31 21:05:03: T=Connector
2026-08-31 21:05:03: N=Connector
2026-08-31 21:05:03: ###E:.Models.Animation3D.RobotArm.Connector###

=========== .Models.Animation3D.RobotArm.Connector1  [{'type': 'Connector', 'result': 'success'}]  immediate=execute success ===========
2026-08-31 21:05:03: Log file opened! Application Version: 2606.0002, UTC: 2026-08-31 13:05:03
2026-08-31 21:05:03: execute sim-code: 'var o: object
o := s......'
2026-08-31 21:05:03: ###B:.Models.Animation3D.RobotArm.Connector1###
2026-08-31 21:05:03: T=Connector
2026-08-31 21:05:03: N=Connector1
2026-08-31 21:05:03: ###E:.Models.Animation3D.RobotArm.Connector1###

=========== .Models.Animation3D.RobotArm.Connector2  [{'type': 'Connector', 'result': 'success'}]  immediate=execute success ===========
2026-08-31 21:05:03: Log file opened! Application Version: 2606.0002, UTC: 2026-08-31 13:05:03
2026-08-31 21:05:03: execute sim-code: 'var o: object
o := s......'
2026-08-31 21:05:03: ###B:.Models.Animation3D.RobotArm.Connector2###
2026-08-31 21:05:03: T=Connector
2026-08-31 21:05:03: N=Connector2
2026-08-31 21:05:03: ###E:.Models.Animation3D.RobotArm.Connector2###

=========== .Models.Animation3D.RobotArm.Connector3  [{'type': 'Connector', 'result': 'success'}]  immediate=execute success ===========
2026-08-31 21:05:04: Log file opened! Application Version: 2606.0002, UTC: 2026-08-31 13:05:04
2026-08-31 21:05:04: execute sim-code: 'var o: object
o := s......'
2026-08-31 21:05:04: ###B:.Models.Animation3D.RobotArm.Connector3###
2026-08-31 21:05:04: T=Connector
2026-08-31 21:05:04: N=Connector3
2026-08-31 21:05:04: ###E:.Models.Animation3D.RobotArm.Connector3###

=========== .Models.Animation3D.RobotArm.EventController  [{'type': 'EventController', 'result': 'success'}]  immediate=execute success ===========
2026-08-31 21:05:04: Log file opened! Application Version: 2606.0002, UTC: 2026-08-31 13:05:04
2026-08-31 21:05:04: execute sim-code: 'var o: object
o := s......'
2026-08-31 21:05:04: ###B:.Models.Animation3D.RobotArm.EventController###
2026-08-31 21:05:04: T=EventController
2026-08-31 21:05:04: N=EventController
2026-08-31 21:05:04: ###E:.Models.Animation3D.RobotArm.EventController###

=========== .Models.Animation3D.RobotArm.PickAndPlace  [{'type': 'PickAndPlace', 'result': 'success'}]  immediate=execute success ===========
2026-08-31 21:05:04: Log file opened! Application Version: 2606.0002, UTC: 2026-08-31 13:05:04
2026-08-31 21:05:04: execute sim-code: 'var o: object
o := s......'
2026-08-31 21:05:04: ###B:.Models.Animation3D.RobotArm.PickAndPlace###
2026-08-31 21:05:04: T=PickAndPlace
2026-08-31 21:05:04: N=PickAndPlace
2026-08-31 21:05:04: ###E:.Models.Animation3D.RobotArm.PickAndPlace###

=========== .Models.Animation3D.RobotArm.Source  [{'type': 'Source', 'result': 'success'}]  immediate=execute success ===========
2026-08-31 21:05:04: Log file opened! Application Version: 2606.0002, UTC: 2026-08-31 13:05:04
2026-08-31 21:05:04: execute sim-code: 'var o: object
o := s......'
2026-08-31 21:05:04: ###B:.Models.Animation3D.RobotArm.Source###
2026-08-31 21:05:04: T=Source
2026-08-31 21:05:04: N=Source
2026-08-31 21:05:04: ###E:.Models.Animation3D.RobotArm.Source###

=========== .Models.SourceTrigger.A  [{'type': 'Part', 'result': 'success'}]  immediate=execute success ===========
2026-08-31 21:05:05: Log file opened! Application Version: 2606.0002, UTC: 2026-08-31 13:05:05
2026-08-31 21:05:05: execute sim-code: 'var o: object
o := s......'
2026-08-31 21:05:05: ###B:.Models.SourceTrigger.A###
2026-08-31 21:05:05: T=Part
2026-08-31 21:05:05: N=A
2026-08-31 21:05:05: ###E:.Models.SourceTrigger.A###

=========== .Models.SourceTrigger.B  [{'type': 'Part', 'result': 'success'}]  immediate=execute success ===========
2026-08-31 21:05:05: Log file opened! Application Version: 2606.0002, UTC: 2026-08-31 13:05:05
2026-08-31 21:05:05: execute sim-code: 'var o: object
o := s......'
2026-08-31 21:05:05: ###B:.Models.SourceTrigger.B###
2026-08-31 21:05:05: T=Part
2026-08-31 21:05:05: N=B
2026-08-31 21:05:05: ###E:.Models.SourceTrigger.B###

=========== .Models.SourceTrigger.C  [{'type': 'Part', 'result': 'success'}]  immediate=execute success ===========
2026-08-31 21:05:05: Log file opened! Application Version: 2606.0002, UTC: 2026-08-31 13:05:05
2026-08-31 21:05:05: execute sim-code: 'var o: object
o := s......'
2026-08-31 21:05:05: ###B:.Models.SourceTrigger.C###
2026-08-31 21:05:05: T=Part
2026-08-31 21:05:05: N=C
2026-08-31 21:05:05: ###E:.Models.SourceTrigger.C###

=========== .Models.SourceTrigger.SourceIntervalAdjustable.Connector  [{'type': 'Connector', 'result': 'success'}]  immediate=execute success ===========
2026-08-31 21:05:05: Log file opened! Application Version: 2606.0002, UTC: 2026-08-31 13:05:05
2026-08-31 21:05:05: execute sim-code: 'var o: object
o := s......'
2026-08-31 21:05:05: ###B:.Models.SourceTrigger.SourceIntervalAdjustable.Connector###
2026-08-31 21:05:05: T=Connector
2026-08-31 21:05:05: N=Connector
2026-08-31 21:05:05: ###E:.Models.SourceTrigger.SourceIntervalAdjustable.Connector###

=========== .Models.SourceTrigger.SourceIntervalAdjustable.Connector1  [{'type': 'Connector', 'result': 'success'}]  immediate=execute success ===========
2026-08-31 21:05:05: Log file opened! Application Version: 2606.0002, UTC: 2026-08-31 13:05:05
2026-08-31 21:05:05: execute sim-code: 'var o: object
o := s......'
2026-08-31 21:05:05: ###B:.Models.SourceTrigger.SourceIntervalAdjustable.Connector1###
2026-08-31 21:05:05: T=Connector
2026-08-31 21:05:05: N=Connector1
2026-08-31 21:05:05: ###E:.Models.SourceTrigger.SourceIntervalAdjustable.Connector1###

=========== .Models.SourceTrigger.SourceIntervalAdjustable.Connector2  [{'type': 'Connector', 'result': 'success'}]  immediate=execute success ===========
2026-08-31 21:05:06: Log file opened! Application Version: 2606.0002, UTC: 2026-08-31 13:05:06
2026-08-31 21:05:06: execute sim-code: 'var o: object
o := s......'
2026-08-31 21:05:06: ###B:.Models.SourceTrigger.SourceIntervalAdjustable.Connector2###
2026-08-31 21:05:06: T=Connector
2026-08-31 21:05:06: N=Connector2
2026-08-31 21:05:06: ###E:.Models.SourceTrigger.SourceIntervalAdjustable.Connector2###

=========== .Models.SourceTrigger.SourceIntervalAdjustable.Connector3  [{'type': 'Connector', 'result': 'success'}]  immediate=execute success ===========
2026-08-31 21:05:06: Log file opened! Application Version: 2606.0002, UTC: 2026-08-31 13:05:06
2026-08-31 21:05:06: execute sim-code: 'var o: object
o := s......'
2026-08-31 21:05:06: ###B:.Models.SourceTrigger.SourceIntervalAdjustable.Connector3###
2026-08-31 21:05:06: T=Connector
2026-08-31 21:05:06: N=Connector3
2026-08-31 21:05:06: ###E:.Models.SourceTrigger.SourceIntervalAdjustable.Connector3###

=========== .Models.SourceTrigger.SourceIntervalAdjustable.Connector4  [{'type': 'Connector', 'result': 'success'}]  immediate=execute success ===========
2026-08-31 21:05:06: Log file opened! Application Version: 2606.0002, UTC: 2026-08-31 13:05:06
2026-08-31 21:05:06: execute sim-code: 'var o: object
o := s......'
2026-08-31 21:05:06: ###B:.Models.SourceTrigger.SourceIntervalAdjustable.Connector4###
2026-08-31 21:05:06: T=Connector
2026-08-31 21:05:06: N=Connector4
2026-08-31 21:05:06: ###E:.Models.SourceTrigger.SourceIntervalAdjustable.Connector4###

=========== .Models.SourceTrigger.SourceIntervalAdjustable.Connector5  [{'type': 'Connector', 'result': 'success'}]  immediate=execute success ===========
2026-08-31 21:05:06: Log file opened! Application Version: 2606.0002, UTC: 2026-08-31 13:05:06
2026-08-31 21:05:06: execute sim-code: 'var o: object
o := s......'
2026-08-31 21:05:06: ###B:.Models.SourceTrigger.SourceIntervalAdjustable.Connector5###
2026-08-31 21:05:06: T=Connector
2026-08-31 21:05:06: N=Connector5
2026-08-31 21:05:06: ###E:.Models.SourceTrigger.SourceIntervalAdjustable.Connector5###

=========== .Models.SourceTrigger.SourceIntervalAdjustable.EventController  [{'type': 'EventController', 'result': 'success'}]  immediate=execute success ===========
2026-08-31 21:05:07: Log file opened! Application Version: 2606.0002, UTC: 2026-08-31 13:05:07
2026-08-31 21:05:07: execute sim-code: 'var o: object
o := s......'
2026-08-31 21:05:07: ###B:.Models.SourceTrigger.SourceIntervalAdjustable.EventController###
2026-08-31 21:05:07: T=EventController
2026-08-31 21:05:07: N=EventController
2026-08-31 21:05:07: ###E:.Models.SourceTrigger.SourceIntervalAdjustable.EventController###

=========== .Models.SourceTrigger.SourceIntervalAdjustable.Source  [{'type': 'Source', 'result': 'success'}]  immediate=execute success ===========
2026-08-31 21:05:07: Log file opened! Application Version: 2606.0002, UTC: 2026-08-31 13:05:07
2026-08-31 21:05:07: execute sim-code: 'var o: object
o := s......'
2026-08-31 21:05:07: ###B:.Models.SourceTrigger.SourceIntervalAdjustable.Source###
2026-08-31 21:05:07: T=Source
2026-08-31 21:05:07: N=Source
2026-08-31 21:05:07: ###E:.Models.SourceTrigger.SourceIntervalAdjustable.Source###

=========== .Models.SourceTrigger.SourceIntervalAdjustable.Source_Batches  [{'type': 'Source', 'result': 'success'}]  immediate=execute success ===========
2026-08-31 21:05:07: Log file opened! Application Version: 2606.0002, UTC: 2026-08-31 13:05:07
2026-08-31 21:05:07: execute sim-code: 'var o: object
o := s......'
2026-08-31 21:05:07: ###B:.Models.SourceTrigger.SourceIntervalAdjustable.Source_Batches###
2026-08-31 21:05:07: T=Source
2026-08-31 21:05:07: N=Source_Batches
2026-08-31 21:05:07: ###E:.Models.SourceTrigger.SourceIntervalAdjustable.Source_Batches###

=========== .Models.SourceTrigger.SourceIntervalAdjustable.Source_Stop  [{'type': 'Source', 'result': 'success'}]  immediate=execute success ===========
2026-08-31 21:05:07: Log file opened! Application Version: 2606.0002, UTC: 2026-08-31 13:05:07
2026-08-31 21:05:07: execute sim-code: 'var o: object
o := s......'
2026-08-31 21:05:07: ###B:.Models.SourceTrigger.SourceIntervalAdjustable.Source_Stop###
2026-08-31 21:05:07: T=Source
2026-08-31 21:05:07: N=Source_Stop
2026-08-31 21:05:07: ###E:.Models.SourceTrigger.SourceIntervalAdjustable.Source_Stop###

=========== .Models.SourceTrigger.SourceNumberAdjustable.Connector  [{'type': 'Connector', 'result': 'success'}]  immediate=execute success ===========
2026-08-31 21:05:08: Log file opened! Application Version: 2606.0002, UTC: 2026-08-31 13:05:08
2026-08-31 21:05:08: execute sim-code: 'var o: object
o := s......'
2026-08-31 21:05:08: ###B:.Models.SourceTrigger.SourceNumberAdjustable.Connector###
2026-08-31 21:05:08: T=Connector
2026-08-31 21:05:08: N=Connector
2026-08-31 21:05:08: ###E:.Models.SourceTrigger.SourceNumberAdjustable.Connector###

=========== .Models.SourceTrigger.SourceNumberAdjustable.Connector1  [{'type': 'Connector', 'result': 'success'}]  immediate=execute success ===========
2026-08-31 21:05:08: Log file opened! Application Version: 2606.0002, UTC: 2026-08-31 13:05:08
2026-08-31 21:05:08: execute sim-code: 'var o: object
o := s......'
2026-08-31 21:05:08: ###B:.Models.SourceTrigger.SourceNumberAdjustable.Connector1###
2026-08-31 21:05:08: T=Connector
2026-08-31 21:05:08: N=Connector1
2026-08-31 21:05:08: ###E:.Models.SourceTrigger.SourceNumberAdjustable.Connector1###

=========== .Models.SourceTrigger.SourceNumberAdjustable.Connector2  [{'type': 'Connector', 'result': 'success'}]  immediate=execute success ===========
2026-08-31 21:05:08: Log file opened! Application Version: 2606.0002, UTC: 2026-08-31 13:05:08
2026-08-31 21:05:08: execute sim-code: 'var o: object
o := s......'
2026-08-31 21:05:08: ###B:.Models.SourceTrigger.SourceNumberAdjustable.Connector2###
2026-08-31 21:05:08: T=Connector
2026-08-31 21:05:08: N=Connector2
2026-08-31 21:05:08: ###E:.Models.SourceTrigger.SourceNumberAdjustable.Connector2###

=========== .Models.SourceTrigger.SourceNumberAdjustable.Connector3  [{'type': 'Connector', 'result': 'success'}]  immediate=execute success ===========
2026-08-31 21:05:08: Log file opened! Application Version: 2606.0002, UTC: 2026-08-31 13:05:08
2026-08-31 21:05:08: execute sim-code: 'var o: object
o := s......'
2026-08-31 21:05:08: ###B:.Models.SourceTrigger.SourceNumberAdjustable.Connector3###
2026-08-31 21:05:08: T=Connector
2026-08-31 21:05:08: N=Connector3
2026-08-31 21:05:08: ###E:.Models.SourceTrigger.SourceNumberAdjustable.Connector3###

=========== .Models.SourceTrigger.SourceNumberAdjustable.EventController  [{'type': 'EventController', 'result': 'success'}]  immediate=execute success ===========
2026-08-31 21:05:08: Log file opened! Application Version: 2606.0002, UTC: 2026-08-31 13:05:08
2026-08-31 21:05:08: execute sim-code: 'var o: object
o := s......'
2026-08-31 21:05:08: ###B:.Models.SourceTrigger.SourceNumberAdjustable.EventController###
2026-08-31 21:05:08: T=EventController
2026-08-31 21:05:08: N=EventController
2026-08-31 21:05:08: ###E:.Models.SourceTrigger.SourceNumberAdjustable.EventController###

=========== .Models.SourceTrigger.SourceNumberAdjustable.Source  [{'type': 'Source', 'result': 'success'}]  immediate=execute success ===========
2026-08-31 21:05:09: Log file opened! Application Version: 2606.0002, UTC: 2026-08-31 13:05:09
2026-08-31 21:05:09: execute sim-code: 'var o: object
o := s......'
2026-08-31 21:05:09: ###B:.Models.SourceTrigger.SourceNumberAdjustable.Source###
2026-08-31 21:05:09: T=Source
2026-08-31 21:05:09: N=Source
2026-08-31 21:05:09: ###E:.Models.SourceTrigger.SourceNumberAdjustable.Source###

=========== .Models.SourceTrigger.SourceNumberAdjustable.Source_AsBatch  [{'type': 'Source', 'result': 'success'}]  immediate=execute success ===========
2026-08-31 21:05:09: Log file opened! Application Version: 2606.0002, UTC: 2026-08-31 13:05:09
2026-08-31 21:05:09: execute sim-code: 'var o: object
o := s......'
2026-08-31 21:05:09: ###B:.Models.SourceTrigger.SourceNumberAdjustable.Source_AsBatch###
2026-08-31 21:05:09: T=Source
2026-08-31 21:05:09: N=Source_AsBatch
2026-08-31 21:05:09: ###E:.Models.SourceTrigger.SourceNumberAdjustable.Source_AsBatch###

=========== .Models.SourceTrigger.SourcePercentage.Connector  [{'type': 'Connector', 'result': 'success'}]  immediate=execute success ===========
2026-08-31 21:05:09: Log file opened! Application Version: 2606.0002, UTC: 2026-08-31 13:05:09
2026-08-31 21:05:09: execute sim-code: 'var o: object
o := s......'
2026-08-31 21:05:09: ###B:.Models.SourceTrigger.SourcePercentage.Connector###
2026-08-31 21:05:09: T=Connector
2026-08-31 21:05:09: N=Connector
2026-08-31 21:05:09: ###E:.Models.SourceTrigger.SourcePercentage.Connector###

=========== .Models.SourceTrigger.SourcePercentage.EventController  [{'type': 'EventController', 'result': 'success'}]  immediate=execute success ===========
2026-08-31 21:05:09: Log file opened! Application Version: 2606.0002, UTC: 2026-08-31 13:05:09
2026-08-31 21:05:09: execute sim-code: 'var o: object
o := s......'
2026-08-31 21:05:09: ###B:.Models.SourceTrigger.SourcePercentage.EventController###
2026-08-31 21:05:09: T=EventController
2026-08-31 21:05:09: N=EventController
2026-08-31 21:05:09: ###E:.Models.SourceTrigger.SourcePercentage.EventController###

=========== .Models.SourceTrigger.SourcePercentage.Kante7  [{'type': 'Connector', 'result': 'success'}]  immediate=execute success ===========
2026-08-31 21:05:10: Log file opened! Application Version: 2606.0002, UTC: 2026-08-31 13:05:10
2026-08-31 21:05:10: execute sim-code: 'var o: object
o := s......'
2026-08-31 21:05:10: ###B:.Models.SourceTrigger.SourcePercentage.Kante7###
2026-08-31 21:05:10: T=Connector
2026-08-31 21:05:10: N=Kante7
2026-08-31 21:05:10: ###E:.Models.SourceTrigger.SourcePercentage.Kante7###

=========== .Models.SourceTrigger.SourcePercentage.Source  [{'type': 'Source', 'result': 'success'}]  immediate=execute success ===========
2026-08-31 21:05:10: Log file opened! Application Version: 2606.0002, UTC: 2026-08-31 13:05:10
2026-08-31 21:05:10: execute sim-code: 'var o: object
o := s......'
2026-08-31 21:05:10: ###B:.Models.SourceTrigger.SourcePercentage.Source###
2026-08-31 21:05:10: T=Source
2026-08-31 21:05:10: N=Source
2026-08-31 21:05:10: ###E:.Models.SourceTrigger.SourcePercentage.Source###

=========== .Models.SourceTrigger.SourceRandom.Connector  [{'type': 'Connector', 'result': 'success'}]  immediate=execute success ===========
2026-08-31 21:05:10: Log file opened! Application Version: 2606.0002, UTC: 2026-08-31 13:05:10
2026-08-31 21:05:10: execute sim-code: 'var o: object
o := s......'
2026-08-31 21:05:10: ###B:.Models.SourceTrigger.SourceRandom.Connector###
2026-08-31 21:05:10: T=Connector
2026-08-31 21:05:10: N=Connector
2026-08-31 21:05:10: ###E:.Models.SourceTrigger.SourceRandom.Connector###

=========== .Models.SourceTrigger.SourceRandom.EventController  [{'type': 'EventController', 'result': 'success'}]  immediate=execute success ===========
2026-08-31 21:05:10: Log file opened! Application Version: 2606.0002, UTC: 2026-08-31 13:05:10
2026-08-31 21:05:10: execute sim-code: 'var o: object
o := s......'
2026-08-31 21:05:10: ###B:.Models.SourceTrigger.SourceRandom.EventController###
2026-08-31 21:05:10: T=EventController
2026-08-31 21:05:10: N=EventController
2026-08-31 21:05:10: ###E:.Models.SourceTrigger.SourceRandom.EventController###

=========== .Models.SourceTrigger.SourceRandom.Kante7  [{'type': 'Connector', 'result': 'success'}]  immediate=execute success ===========
2026-08-31 21:05:10: Log file opened! Application Version: 2606.0002, UTC: 2026-08-31 13:05:10
2026-08-31 21:05:10: execute sim-code: 'var o: object
o := s......'
2026-08-31 21:05:10: ###B:.Models.SourceTrigger.SourceRandom.Kante7###
2026-08-31 21:05:10: T=Connector
2026-08-31 21:05:10: N=Kante7
2026-08-31 21:05:10: ###E:.Models.SourceTrigger.SourceRandom.Kante7###

=========== .Models.SourceTrigger.SourceRandom.Source  [{'type': 'Source', 'result': 'success'}]  immediate=execute success ===========
2026-08-31 21:05:11: Log file opened! Application Version: 2606.0002, UTC: 2026-08-31 13:05:11
2026-08-31 21:05:11: execute sim-code: 'var o: object
o := s......'
2026-08-31 21:05:11: ###B:.Models.SourceTrigger.SourceRandom.Source###
2026-08-31 21:05:11: T=Source
2026-08-31 21:05:11: N=Source
2026-08-31 21:05:11: ###E:.Models.SourceTrigger.SourceRandom.Source###

=========== .Models.SourceTrigger.SourceTrigger.Connector  [{'type': 'Connector', 'result': 'success'}]  immediate=execute success ===========
2026-08-31 21:05:11: Log file opened! Application Version: 2606.0002, UTC: 2026-08-31 13:05:11
2026-08-31 21:05:11: execute sim-code: 'var o: object
o := s......'
2026-08-31 21:05:11: ###B:.Models.SourceTrigger.SourceTrigger.Connector###
2026-08-31 21:05:11: T=Connector
2026-08-31 21:05:11: N=Connector
2026-08-31 21:05:11: ###E:.Models.SourceTrigger.SourceTrigger.Connector###

=========== .Models.SourceTrigger.SourceTrigger.EventController  [{'type': 'EventController', 'result': 'success'}]  immediate=execute success ===========
2026-08-31 21:05:11: Log file opened! Application Version: 2606.0002, UTC: 2026-08-31 13:05:11
2026-08-31 21:05:11: execute sim-code: 'var o: object
o := s......'
2026-08-31 21:05:11: ###B:.Models.SourceTrigger.SourceTrigger.EventController###
2026-08-31 21:05:11: T=EventController
2026-08-31 21:05:11: N=EventController
2026-08-31 21:05:11: ###E:.Models.SourceTrigger.SourceTrigger.EventController###

=========== .Models.SourceTrigger.SourceTrigger.Kante7  [{'type': 'Connector', 'result': 'success'}]  immediate=execute success ===========
2026-08-31 21:05:11: Log file opened! Application Version: 2606.0002, UTC: 2026-08-31 13:05:11
2026-08-31 21:05:11: execute sim-code: 'var o: object
o := s......'
2026-08-31 21:05:11: ###B:.Models.SourceTrigger.SourceTrigger.Kante7###
2026-08-31 21:05:11: T=Connector
2026-08-31 21:05:11: N=Kante7
2026-08-31 21:05:11: ###E:.Models.SourceTrigger.SourceTrigger.Kante7###

=========== .Models.SourceTrigger.SourceTrigger.Source  [{'type': 'Source', 'result': 'success'}]  immediate=execute success ===========
2026-08-31 21:05:12: Log file opened! Application Version: 2606.0002, UTC: 2026-08-31 13:05:12
2026-08-31 21:05:12: execute sim-code: 'var o: object
o := s......'
2026-08-31 21:05:12: ###B:.Models.SourceTrigger.SourceTrigger.Source###
2026-08-31 21:05:12: T=Source
2026-08-31 21:05:12: N=Source
2026-08-31 21:05:12: ###E:.Models.SourceTrigger.SourceTrigger.Source###

=========== .Models.internal.Admin.DropDownList  [{'type': 'DropDownList', 'result': 'success'}]  immediate=execute success ===========
2026-08-31 21:05:12: Log file opened! Application Version: 2606.0002, UTC: 2026-08-31 13:05:12
2026-08-31 21:05:12: execute sim-code: 'var o: object
o := s......'
2026-08-31 21:05:12: ###B:.Models.internal.Admin.DropDownList###
2026-08-31 21:05:12: T=DropDownList
2026-08-31 21:05:12: N=DropDownList
2026-08-31 21:05:12: ###E:.Models.internal.Admin.DropDownList###

=========== .Models.internal.DropDownList  [{'type': 'DropDownList', 'result': 'success'}]  immediate=execute success ===========
2026-08-31 21:05:12: Log file opened! Application Version: 2606.0002, UTC: 2026-08-31 13:05:12
2026-08-31 21:05:12: execute sim-code: 'var o: object
o := s......'
2026-08-31 21:05:12: ###B:.Models.internal.DropDownList###
2026-08-31 21:05:12: T=DropDownList
2026-08-31 21:05:12: N=DropDownList
2026-08-31 21:05:12: ###E:.Models.internal.DropDownList###
