
=========== .Models.Animation3D.Part  [{'type': 'Part', 'result': 'success'}]  result=success ===========
2026-08-31 21:07:05: Log file opened! Application Version: 2606.0002, UTC: 2026-08-31 13:07:05
2026-08-31 21:07:27: execute sim-code: 'var o: object
o := s......'
2026-08-31 21:07:27: ###E:.Models.Animation3D.Part###

=========== .Models.Animation3D.RobotArm.Connector  [{'type': 'Connector', 'result': 'success'}]  result=success ===========
2026-08-31 21:07:27: Log file opened! Application Version: 2606.0002, UTC: 2026-08-31 13:07:27
2026-08-31 21:07:27: execute sim-code: 'var o: object
o := s......'
2026-08-31 21:07:27: ###E:.Models.Animation3D.RobotArm.Connector###

=========== .Models.Animation3D.RobotArm.Connector1  [{'type': 'Connector', 'result': 'success'}]  result=success ===========
2026-08-31 21:07:28: Log file opened! Application Version: 2606.0002, UTC: 2026-08-31 13:07:28
2026-08-31 21:07:28: execute sim-code: 'var o: object
o := s......'
2026-08-31 21:07:28: ###E:.Models.Animation3D.RobotArm.Connector1###

=========== .Models.Animation3D.RobotArm.Connector2  [{'type': 'Connector', 'result': 'success'}]  result=success ===========
2026-08-31 21:07:28: Log file opened! Application Version: 2606.0002, UTC: 2026-08-31 13:07:28
2026-08-31 21:07:28: execute sim-code: 'var o: object
o := s......'
2026-08-31 21:07:28: ###E:.Models.Animation3D.RobotArm.Connector2###

=========== .Models.Animation3D.RobotArm.Connector3  [{'type': 'Connector', 'result': 'success'}]  result=success ===========
2026-08-31 21:07:28: Log file opened! Application Version: 2606.0002, UTC: 2026-08-31 13:07:28
2026-08-31 21:07:28: execute sim-code: 'var o: object
o := s......'
2026-08-31 21:07:28: ###E:.Models.Animation3D.RobotArm.Connector3###

=========== .Models.Animation3D.RobotArm.EventController  [{'type': 'EventController', 'result': 'success'}]  result=success ===========
2026-08-31 21:07:28: Log file opened! Application Version: 2606.0002, UTC: 2026-08-31 13:07:28
2026-08-31 21:07:28: execute sim-code: 'var o: object
o := s......'
2026-08-31 21:07:28: ###E:.Models.Animation3D.RobotArm.EventController###

=========== .Models.Animation3D.RobotArm.PickAndPlace  [{'type': 'PickAndPlace', 'result': 'success'}]  result=success ===========
2026-08-31 21:07:28: Log file opened! Application Version: 2606.0002, UTC: 2026-08-31 13:07:28
2026-08-31 21:07:28: execute sim-code: 'var o: object
o := s......'
2026-08-31 21:07:28: ###E:.Models.Animation3D.RobotArm.PickAndPlace###

=========== .Models.Animation3D.RobotArm.Source  [{'type': 'Source', 'result': 'success'}]  result=success ===========
2026-08-31 21:07:29: Log file opened! Application Version: 2606.0002, UTC: 2026-08-31 13:07:29
2026-08-31 21:07:29: execute sim-code: 'var o: object
o := s......'
2026-08-31 21:07:29: ###E:.Models.Animation3D.RobotArm.Source###

=========== .Models.SourceTrigger.A  [{'type': 'Part', 'result': 'success'}]  result=success ===========
2026-08-31 21:07:29: Log file opened! Application Version: 2606.0002, UTC: 2026-08-31 13:07:29
2026-08-31 21:07:29: execute sim-code: 'var o: object
o := s......'
2026-08-31 21:07:29: ###E:.Models.SourceTrigger.A###

=========== .Models.SourceTrigger.B  [{'type': 'Part', 'result': 'success'}]  result=success ===========
2026-08-31 21:07:29: Log file opened! Application Version: 2606.0002, UTC: 2026-08-31 13:07:29
2026-08-31 21:07:29: execute sim-code: 'var o: object
o := s......'
2026-08-31 21:07:29: ###E:.Models.SourceTrigger.B###

=========== .Models.SourceTrigger.C  [{'type': 'Part', 'result': 'success'}]  result=success ===========
2026-08-31 21:07:29: Log file opened! Application Version: 2606.0002, UTC: 2026-08-31 13:07:29
2026-08-31 21:07:29: execute sim-code: 'var o: object
o := s......'
2026-08-31 21:07:29: ###E:.Models.SourceTrigger.C###

=========== .Models.SourceTrigger.SourceIntervalAdjustable.Connector  [{'type': 'Connector', 'result': 'success'}]  result=success ===========
2026-08-31 21:07:29: Log file opened! Application Version: 2606.0002, UTC: 2026-08-31 13:07:29
2026-08-31 21:07:29: execute sim-code: 'var o: object
o := s......'
2026-08-31 21:07:29: ###E:.Models.SourceTrigger.SourceIntervalAdjustable.Connector###

=========== .Models.SourceTrigger.SourceIntervalAdjustable.Connector1  [{'type': 'Connector', 'result': 'success'}]  result=success ===========
2026-08-31 21:07:30: Log file opened! Application Version: 2606.0002, UTC: 2026-08-31 13:07:30
2026-08-31 21:07:30: execute sim-code: 'var o: object
o := s......'
2026-08-31 21:07:30: ###E:.Models.SourceTrigger.SourceIntervalAdjustable.Connector1###

=========== .Models.SourceTrigger.SourceIntervalAdjustable.Connector2  [{'type': 'Connector', 'result': 'success'}]  result=success ===========
2026-08-31 21:07:30: Log file opened! Application Version: 2606.0002, UTC: 2026-08-31 13:07:30
2026-08-31 21:07:30: execute sim-code: 'var o: object
o := s......'
2026-08-31 21:07:30: ###E:.Models.SourceTrigger.SourceIntervalAdjustable.Connector2###

=========== .Models.SourceTrigger.SourceIntervalAdjustable.Connector3  [{'type': 'Connector', 'result': 'success'}]  result=success ===========
2026-08-31 21:07:30: Log file opened! Application Version: 2606.0002, UTC: 2026-08-31 13:07:30
2026-08-31 21:07:30: execute sim-code: 'var o: object
o := s......'
2026-08-31 21:07:30: ###E:.Models.SourceTrigger.SourceIntervalAdjustable.Connector3###

=========== .Models.SourceTrigger.SourceIntervalAdjustable.Connector4  [{'type': 'Connector', 'result': 'success'}]  result=success ===========
2026-08-31 21:07:30: Log file opened! Application Version: 2606.0002, UTC: 2026-08-31 13:07:30
2026-08-31 21:07:30: execute sim-code: 'var o: object
o := s......'
2026-08-31 21:07:30: ###E:.Models.SourceTrigger.SourceIntervalAdjustable.Connector4###

=========== .Models.SourceTrigger.SourceIntervalAdjustable.Connector5  [{'type': 'Connector', 'result': 'success'}]  result=success ===========
2026-08-31 21:07:31: Log file opened! Application Version: 2606.0002, UTC: 2026-08-31 13:07:31
2026-08-31 21:07:31: execute sim-code: 'var o: object
o := s......'
2026-08-31 21:07:31: ###E:.Models.SourceTrigger.SourceIntervalAdjustable.Connector5###

=========== .Models.SourceTrigger.SourceIntervalAdjustable.EventController  [{'type': 'EventController', 'result': 'success'}]  result=success ===========
2026-08-31 21:07:31: Log file opened! Application Version: 2606.0002, UTC: 2026-08-31 13:07:31
2026-08-31 21:07:31: execute sim-code: 'var o: object
o := s......'
2026-08-31 21:07:31: ###E:.Models.SourceTrigger.SourceIntervalAdjustable.EventController###

=========== .Models.SourceTrigger.SourceIntervalAdjustable.Source  [{'type': 'Source', 'result': 'success'}]  result=success ===========
2026-08-31 21:07:31: Log file opened! Application Version: 2606.0002, UTC: 2026-08-31 13:07:31
2026-08-31 21:07:31: execute sim-code: 'var o: object
o := s......'
2026-08-31 21:07:31: ###E:.Models.SourceTrigger.SourceIntervalAdjustable.Source###

=========== .Models.SourceTrigger.SourceIntervalAdjustable.Source_Batches  [{'type': 'Source', 'result': 'success'}]  result=success ===========
2026-08-31 21:07:31: Log file opened! Application Version: 2606.0002, UTC: 2026-08-31 13:07:31
2026-08-31 21:07:31: execute sim-code: 'var o: object
o := s......'
2026-08-31 21:07:31: ###E:.Models.SourceTrigger.SourceIntervalAdjustable.Source_Batches###

=========== .Models.SourceTrigger.SourceIntervalAdjustable.Source_Stop  [{'type': 'Source', 'result': 'success'}]  result=success ===========
2026-08-31 21:07:31: Log file opened! Application Version: 2606.0002, UTC: 2026-08-31 13:07:31
2026-08-31 21:07:31: execute sim-code: 'var o: object
o := s......'
2026-08-31 21:07:31: ###E:.Models.SourceTrigger.SourceIntervalAdjustable.Source_Stop###

=========== .Models.SourceTrigger.SourceNumberAdjustable.Connector  [{'type': 'Connector', 'result': 'success'}]  result=success ===========
2026-08-31 21:07:32: Log file opened! Application Version: 2606.0002, UTC: 2026-08-31 13:07:32
2026-08-31 21:07:32: execute sim-code: 'var o: object
o := s......'
2026-08-31 21:07:32: ###E:.Models.SourceTrigger.SourceNumberAdjustable.Connector###

=========== .Models.SourceTrigger.SourceNumberAdjustable.Connector1  [{'type': 'Connector', 'result': 'success'}]  result=success ===========
2026-08-31 21:07:32: Log file opened! Application Version: 2606.0002, UTC: 2026-08-31 13:07:32
2026-08-31 21:07:32: execute sim-code: 'var o: object
o := s......'
2026-08-31 21:07:32: ###E:.Models.SourceTrigger.SourceNumberAdjustable.Connector1###

=========== .Models.SourceTrigger.SourceNumberAdjustable.Connector2  [{'type': 'Connector', 'result': 'success'}]  result=success ===========
2026-08-31 21:07:32: Log file opened! Application Version: 2606.0002, UTC: 2026-08-31 13:07:32
2026-08-31 21:07:32: execute sim-code: 'var o: object
o := s......'
2026-08-31 21:07:32: ###E:.Models.SourceTrigger.SourceNumberAdjustable.Connector2###

=========== .Models.SourceTrigger.SourceNumberAdjustable.Connector3  [{'type': 'Connector', 'result': 'success'}]  result=success ===========
2026-08-31 21:07:32: Log file opened! Application Version: 2606.0002, UTC: 2026-08-31 13:07:32
2026-08-31 21:07:32: execute sim-code: 'var o: object
o := s......'
2026-08-31 21:07:32: ###E:.Models.SourceTrigger.SourceNumberAdjustable.Connector3###

=========== .Models.SourceTrigger.SourceNumberAdjustable.EventController  [{'type': 'EventController', 'result': 'success'}]  result=success ===========
2026-08-31 21:07:33: Log file opened! Application Version: 2606.0002, UTC: 2026-08-31 13:07:33
2026-08-31 21:07:33: execute sim-code: 'var o: object
o := s......'
2026-08-31 21:07:33: ###E:.Models.SourceTrigger.SourceNumberAdjustable.EventController###

=========== .Models.SourceTrigger.SourceNumberAdjustable.Source  [{'type': 'Source', 'result': 'success'}]  result=success ===========
2026-08-31 21:07:33: Log file opened! Application Version: 2606.0002, UTC: 2026-08-31 13:07:33
2026-08-31 21:07:33: execute sim-code: 'var o: object
o := s......'
2026-08-31 21:07:33: ###E:.Models.SourceTrigger.SourceNumberAdjustable.Source###

=========== .Models.SourceTrigger.SourceNumberAdjustable.Source_AsBatch  [{'type': 'Source', 'result': 'success'}]  result=success ===========
2026-08-31 21:07:33: Log file opened! Application Version: 2606.0002, UTC: 2026-08-31 13:07:33
2026-08-31 21:07:33: execute sim-code: 'var o: object
o := s......'
2026-08-31 21:07:33: ###E:.Models.SourceTrigger.SourceNumberAdjustable.Source_AsBatch###

=========== .Models.SourceTrigger.SourcePercentage.Connector  [{'type': 'Connector', 'result': 'success'}]  result=success ===========
2026-08-31 21:07:33: Log file opened! Application Version: 2606.0002, UTC: 2026-08-31 13:07:33
2026-08-31 21:07:33: execute sim-code: 'var o: object
o := s......'
2026-08-31 21:07:33: ###E:.Models.SourceTrigger.SourcePercentage.Connector###

=========== .Models.SourceTrigger.SourcePercentage.EventController  [{'type': 'EventController', 'result': 'success'}]  result=success ===========
2026-08-31 21:07:33: Log file opened! Application Version: 2606.0002, UTC: 2026-08-31 13:07:33
2026-08-31 21:07:33: execute sim-code: 'var o: object
o := s......'
2026-08-31 21:07:33: ###E:.Models.SourceTrigger.SourcePercentage.EventController###

=========== .Models.SourceTrigger.SourcePercentage.Kante7  [{'type': 'Connector', 'result': 'success'}]  result=success ===========
2026-08-31 21:07:34: Log file opened! Application Version: 2606.0002, UTC: 2026-08-31 13:07:34
2026-08-31 21:07:34: execute sim-code: 'var o: object
o := s......'
2026-08-31 21:07:34: ###E:.Models.SourceTrigger.SourcePercentage.Kante7###

=========== .Models.SourceTrigger.SourcePercentage.Source  [{'type': 'Source', 'result': 'success'}]  result=success ===========
2026-08-31 21:07:34: Log file opened! Application Version: 2606.0002, UTC: 2026-08-31 13:07:34
2026-08-31 21:07:34: execute sim-code: 'var o: object
o := s......'
2026-08-31 21:07:34: ###E:.Models.SourceTrigger.SourcePercentage.Source###

=========== .Models.SourceTrigger.SourceRandom.Connector  [{'type': 'Connector', 'result': 'success'}]  result=success ===========
2026-08-31 21:07:34: Log file opened! Application Version: 2606.0002, UTC: 2026-08-31 13:07:34
2026-08-31 21:07:34: execute sim-code: 'var o: object
o := s......'
2026-08-31 21:07:34: ###E:.Models.SourceTrigger.SourceRandom.Connector###

=========== .Models.SourceTrigger.SourceRandom.EventController  [{'type': 'EventController', 'result': 'success'}]  result=success ===========
2026-08-31 21:07:34: Log file opened! Application Version: 2606.0002, UTC: 2026-08-31 13:07:34
2026-08-31 21:07:34: execute sim-code: 'var o: object
o := s......'
2026-08-31 21:07:34: ###E:.Models.SourceTrigger.SourceRandom.EventController###

=========== .Models.SourceTrigger.SourceRandom.Kante7  [{'type': 'Connector', 'result': 'success'}]  result=success ===========
2026-08-31 21:07:35: Log file opened! Application Version: 2606.0002, UTC: 2026-08-31 13:07:35
2026-08-31 21:07:35: execute sim-code: 'var o: object
o := s......'
2026-08-31 21:07:35: ###E:.Models.SourceTrigger.SourceRandom.Kante7###

=========== .Models.SourceTrigger.SourceRandom.Source  [{'type': 'Source', 'result': 'success'}]  result=success ===========
2026-08-31 21:07:35: Log file opened! Application Version: 2606.0002, UTC: 2026-08-31 13:07:35
2026-08-31 21:07:35: execute sim-code: 'var o: object
o := s......'
2026-08-31 21:07:35: ###E:.Models.SourceTrigger.SourceRandom.Source###

=========== .Models.SourceTrigger.SourceTrigger.Connector  [{'type': 'Connector', 'result': 'success'}]  result=success ===========
2026-08-31 21:07:35: Log file opened! Application Version: 2606.0002, UTC: 2026-08-31 13:07:35
2026-08-31 21:07:35: execute sim-code: 'var o: object
o := s......'
2026-08-31 21:07:35: ###E:.Models.SourceTrigger.SourceTrigger.Connector###

=========== .Models.SourceTrigger.SourceTrigger.EventController  [{'type': 'EventController', 'result': 'success'}]  result=success ===========
2026-08-31 21:07:35: Log file opened! Application Version: 2606.0002, UTC: 2026-08-31 13:07:35
2026-08-31 21:07:35: execute sim-code: 'var o: object
o := s......'
2026-08-31 21:07:35: ###E:.Models.SourceTrigger.SourceTrigger.EventController###

=========== .Models.SourceTrigger.SourceTrigger.Kante7  [{'type': 'Connector', 'result': 'success'}]  result=success ===========
2026-08-31 21:07:35: Log file opened! Application Version: 2606.0002, UTC: 2026-08-31 13:07:35
2026-08-31 21:07:35: execute sim-code: 'var o: object
o := s......'
2026-08-31 21:07:35: ###E:.Models.SourceTrigger.SourceTrigger.Kante7###

=========== .Models.SourceTrigger.SourceTrigger.Source  [{'type': 'Source', 'result': 'success'}]  result=success ===========
2026-08-31 21:07:36: Log file opened! Application Version: 2606.0002, UTC: 2026-08-31 13:07:36
2026-08-31 21:07:36: execute sim-code: 'var o: object
o := s......'
2026-08-31 21:07:36: ###E:.Models.SourceTrigger.SourceTrigger.Source###

=========== .Models.internal.Admin.DropDownList  [{'type': 'DropDownList', 'result': 'success'}]  result=success ===========
2026-08-31 21:07:36: Log file opened! Application Version: 2606.0002, UTC: 2026-08-31 13:07:36
2026-08-31 21:07:36: execute sim-code: 'var o: object
o := s......'
2026-08-31 21:07:36: ###E:.Models.internal.Admin.DropDownList###

=========== .Models.internal.DropDownList  [{'type': 'DropDownList', 'result': 'success'}]  result=success ===========
2026-08-31 21:07:36: Log file opened! Application Version: 2606.0002, UTC: 2026-08-31 13:07:36
2026-08-31 21:07:36: execute sim-code: 'var o: object
o := s......'
2026-08-31 21:07:36: ###E:.Models.internal.DropDownList###
