
=========== .Models.Animation3D.Part  [Part]  result=success ===========
2026-08-31 21:08:49: Log file opened! Application Version: 2606.0002, UTC: 2026-08-31 13:08:49
2026-08-31 21:09:15: execute sim-code: 'var o: object
o := s......'

=========== .Models.Animation3D.RobotArm.Connector  [Connector]  result=success ===========
2026-08-31 21:09:15: Log file opened! Application Version: 2606.0002, UTC: 2026-08-31 13:09:15
2026-08-31 21:09:15: execute sim-code: 'var o: object
o := s......'
2026-08-31 21:09:15: ###E:.Models.Animation3D.RobotArm.Connector|FRO=Source|TO=Station###

=========== .Models.Animation3D.RobotArm.Connector1  [Connector]  result=success ===========
2026-08-31 21:09:15: Log file opened! Application Version: 2606.0002, UTC: 2026-08-31 13:09:15
2026-08-31 21:09:15: execute sim-code: 'var o: object
o := s......'
2026-08-31 21:09:15: ###E:.Models.Animation3D.RobotArm.Connector1|FRO=Station|TO=PickAndPlace###

=========== .Models.Animation3D.RobotArm.Connector2  [Connector]  result=success ===========
2026-08-31 21:09:15: Log file opened! Application Version: 2606.0002, UTC: 2026-08-31 13:09:15
2026-08-31 21:09:15: execute sim-code: 'var o: object
o := s......'
2026-08-31 21:09:15: ###E:.Models.Animation3D.RobotArm.Connector2|FRO=PickAndPlace|TO=Station1###

=========== .Models.Animation3D.RobotArm.Connector3  [Connector]  result=success ===========
2026-08-31 21:09:16: Log file opened! Application Version: 2606.0002, UTC: 2026-08-31 13:09:16
2026-08-31 21:09:16: execute sim-code: 'var o: object
o := s......'
2026-08-31 21:09:16: ###E:.Models.Animation3D.RobotArm.Connector3|FRO=Station1|TO=Drain###

=========== .Models.Animation3D.RobotArm.EventController  [EventController]  result=success ===========
2026-08-31 21:09:16: Log file opened! Application Version: 2606.0002, UTC: 2026-08-31 13:09:16
2026-08-31 21:09:16: execute sim-code: 'var o: object
o := s......'

=========== .Models.Animation3D.RobotArm.PickAndPlace  [PickAndPlace]  result=success ===========
2026-08-31 21:09:16: Log file opened! Application Version: 2606.0002, UTC: 2026-08-31 13:09:16
2026-08-31 21:09:16: execute sim-code: 'var o: object
o := s......'
2026-08-31 21:09:16: ###E:.Models.Animation3D.RobotArm.PickAndPlace|FRO=Station|TO=Station1###

=========== .Models.Animation3D.RobotArm.Source  [Source]  result=success ===========
2026-08-31 21:09:16: Log file opened! Application Version: 2606.0002, UTC: 2026-08-31 13:09:16
2026-08-31 21:09:16: execute sim-code: 'var o: object
o := s......'

=========== .Models.SourceTrigger.A  [Part]  result=success ===========
2026-08-31 21:09:16: Log file opened! Application Version: 2606.0002, UTC: 2026-08-31 13:09:16
2026-08-31 21:09:16: execute sim-code: 'var o: object
o := s......'

=========== .Models.SourceTrigger.B  [Part]  result=success ===========
2026-08-31 21:09:17: Log file opened! Application Version: 2606.0002, UTC: 2026-08-31 13:09:17
2026-08-31 21:09:17: execute sim-code: 'var o: object
o := s......'

=========== .Models.SourceTrigger.C  [Part]  result=success ===========
2026-08-31 21:09:17: Log file opened! Application Version: 2606.0002, UTC: 2026-08-31 13:09:17
2026-08-31 21:09:17: execute sim-code: 'var o: object
o := s......'

=========== .Models.SourceTrigger.SourceIntervalAdjustable.Connector  [Connector]  result=success ===========
2026-08-31 21:09:17: Log file opened! Application Version: 2606.0002, UTC: 2026-08-31 13:09:17
2026-08-31 21:09:17: execute sim-code: 'var o: object
o := s......'
2026-08-31 21:09:17: ###E:.Models.SourceTrigger.SourceIntervalAdjustable.Connector|FRO=Source|TO=Line###

=========== .Models.SourceTrigger.SourceIntervalAdjustable.Connector1  [Connector]  result=success ===========
2026-08-31 21:09:17: Log file opened! Application Version: 2606.0002, UTC: 2026-08-31 13:09:17
2026-08-31 21:09:17: execute sim-code: 'var o: object
o := s......'
2026-08-31 21:09:17: ###E:.Models.SourceTrigger.SourceIntervalAdjustable.Connector1|FRO=Line|TO=Drain###

=========== .Models.SourceTrigger.SourceIntervalAdjustable.Connector2  [Connector]  result=success ===========
2026-08-31 21:09:17: Log file opened! Application Version: 2606.0002, UTC: 2026-08-31 13:09:17
2026-08-31 21:09:17: execute sim-code: 'var o: object
o := s......'
2026-08-31 21:09:17: ###E:.Models.SourceTrigger.SourceIntervalAdjustable.Connector2|FRO=Line1|TO=Drain1###

=========== .Models.SourceTrigger.SourceIntervalAdjustable.Connector3  [Connector]  result=success ===========
2026-08-31 21:09:18: Log file opened! Application Version: 2606.0002, UTC: 2026-08-31 13:09:18
2026-08-31 21:09:18: execute sim-code: 'var o: object
o := s......'
2026-08-31 21:09:18: ###E:.Models.SourceTrigger.SourceIntervalAdjustable.Connector3|FRO=Source_Batches|TO=Line1###

=========== .Models.SourceTrigger.SourceIntervalAdjustable.Connector4  [Connector]  result=success ===========
2026-08-31 21:09:18: Log file opened! Application Version: 2606.0002, UTC: 2026-08-31 13:09:18
2026-08-31 21:09:18: execute sim-code: 'var o: object
o := s......'
2026-08-31 21:09:18: ###E:.Models.SourceTrigger.SourceIntervalAdjustable.Connector4|FRO=Source_Stop|TO=Line2###

=========== .Models.SourceTrigger.SourceIntervalAdjustable.Connector5  [Connector]  result=success ===========
2026-08-31 21:09:18: Log file opened! Application Version: 2606.0002, UTC: 2026-08-31 13:09:18
2026-08-31 21:09:18: execute sim-code: 'var o: object
o := s......'
2026-08-31 21:09:18: ###E:.Models.SourceTrigger.SourceIntervalAdjustable.Connector5|FRO=Line2|TO=Drain2###

=========== .Models.SourceTrigger.SourceIntervalAdjustable.EventController  [EventController]  result=success ===========
2026-08-31 21:09:18: Log file opened! Application Version: 2606.0002, UTC: 2026-08-31 13:09:18
2026-08-31 21:09:18: execute sim-code: 'var o: object
o := s......'

=========== .Models.SourceTrigger.SourceIntervalAdjustable.Source  [Source]  result=success ===========
2026-08-31 21:09:18: Log file opened! Application Version: 2606.0002, UTC: 2026-08-31 13:09:18
2026-08-31 21:09:18: execute sim-code: 'var o: object
o := s......'

=========== .Models.SourceTrigger.SourceIntervalAdjustable.Source_Batches  [Source]  result=success ===========
2026-08-31 21:09:19: Log file opened! Application Version: 2606.0002, UTC: 2026-08-31 13:09:19
2026-08-31 21:09:19: execute sim-code: 'var o: object
o := s......'

=========== .Models.SourceTrigger.SourceIntervalAdjustable.Source_Stop  [Source]  result=success ===========
2026-08-31 21:09:19: Log file opened! Application Version: 2606.0002, UTC: 2026-08-31 13:09:19
2026-08-31 21:09:19: execute sim-code: 'var o: object
o := s......'

=========== .Models.SourceTrigger.SourceNumberAdjustable.Connector  [Connector]  result=success ===========
2026-08-31 21:09:19: Log file opened! Application Version: 2606.0002, UTC: 2026-08-31 13:09:19
2026-08-31 21:09:19: execute sim-code: 'var o: object
o := s......'
2026-08-31 21:09:19: ###E:.Models.SourceTrigger.SourceNumberAdjustable.Connector|FRO=Source|TO=Line###

=========== .Models.SourceTrigger.SourceNumberAdjustable.Connector1  [Connector]  result=success ===========
2026-08-31 21:09:19: Log file opened! Application Version: 2606.0002, UTC: 2026-08-31 13:09:19
2026-08-31 21:09:19: execute sim-code: 'var o: object
o := s......'
2026-08-31 21:09:19: ###E:.Models.SourceTrigger.SourceNumberAdjustable.Connector1|FRO=Source_AsBatch|TO=Line1###

=========== .Models.SourceTrigger.SourceNumberAdjustable.Connector2  [Connector]  result=success ===========
2026-08-31 21:09:19: Log file opened! Application Version: 2606.0002, UTC: 2026-08-31 13:09:19
2026-08-31 21:09:19: execute sim-code: 'var o: object
o := s......'
2026-08-31 21:09:19: ###E:.Models.SourceTrigger.SourceNumberAdjustable.Connector2|FRO=Line|TO=Drain###

=========== .Models.SourceTrigger.SourceNumberAdjustable.Connector3  [Connector]  result=success ===========
2026-08-31 21:09:20: Log file opened! Application Version: 2606.0002, UTC: 2026-08-31 13:09:20
2026-08-31 21:09:20: execute sim-code: 'var o: object
o := s......'
2026-08-31 21:09:20: ###E:.Models.SourceTrigger.SourceNumberAdjustable.Connector3|FRO=Line1|TO=Drain1###

=========== .Models.SourceTrigger.SourceNumberAdjustable.EventController  [EventController]  result=success ===========
2026-08-31 21:09:20: Log file opened! Application Version: 2606.0002, UTC: 2026-08-31 13:09:20
2026-08-31 21:09:20: execute sim-code: 'var o: object
o := s......'

=========== .Models.SourceTrigger.SourceNumberAdjustable.Source  [Source]  result=success ===========
2026-08-31 21:09:20: Log file opened! Application Version: 2606.0002, UTC: 2026-08-31 13:09:20
2026-08-31 21:09:20: execute sim-code: 'var o: object
o := s......'

=========== .Models.SourceTrigger.SourceNumberAdjustable.Source_AsBatch  [Source]  result=success ===========
2026-08-31 21:09:20: Log file opened! Application Version: 2606.0002, UTC: 2026-08-31 13:09:20
2026-08-31 21:09:20: execute sim-code: 'var o: object
o := s......'

=========== .Models.SourceTrigger.SourcePercentage.Connector  [Connector]  result=success ===========
2026-08-31 21:09:20: Log file opened! Application Version: 2606.0002, UTC: 2026-08-31 13:09:20
2026-08-31 21:09:20: execute sim-code: 'var o: object
o := s......'
2026-08-31 21:09:20: ###E:.Models.SourceTrigger.SourcePercentage.Connector|FRO=Line|TO=Drain###

=========== .Models.SourceTrigger.SourcePercentage.EventController  [EventController]  result=success ===========
2026-08-31 21:09:21: Log file opened! Application Version: 2606.0002, UTC: 2026-08-31 13:09:21
2026-08-31 21:09:21: execute sim-code: 'var o: object
o := s......'

=========== .Models.SourceTrigger.SourcePercentage.Kante7  [Connector]  result=success ===========
2026-08-31 21:09:21: Log file opened! Application Version: 2606.0002, UTC: 2026-08-31 13:09:21
2026-08-31 21:09:21: execute sim-code: 'var o: object
o := s......'
2026-08-31 21:09:21: ###E:.Models.SourceTrigger.SourcePercentage.Kante7|FRO=Source|TO=Line###

=========== .Models.SourceTrigger.SourcePercentage.Source  [Source]  result=success ===========
2026-08-31 21:09:21: Log file opened! Application Version: 2606.0002, UTC: 2026-08-31 13:09:21
2026-08-31 21:09:21: execute sim-code: 'var o: object
o := s......'

=========== .Models.SourceTrigger.SourceRandom.Connector  [Connector]  result=success ===========
2026-08-31 21:09:21: Log file opened! Application Version: 2606.0002, UTC: 2026-08-31 13:09:21
2026-08-31 21:09:21: execute sim-code: 'var o: object
o := s......'
2026-08-31 21:09:21: ###E:.Models.SourceTrigger.SourceRandom.Connector|FRO=Line|TO=Drain###

=========== .Models.SourceTrigger.SourceRandom.EventController  [EventController]  result=success ===========
2026-08-31 21:09:21: Log file opened! Application Version: 2606.0002, UTC: 2026-08-31 13:09:21
2026-08-31 21:09:21: execute sim-code: 'var o: object
o := s......'

=========== .Models.SourceTrigger.SourceRandom.Kante7  [Connector]  result=success ===========
2026-08-31 21:09:22: Log file opened! Application Version: 2606.0002, UTC: 2026-08-31 13:09:22
2026-08-31 21:09:22: execute sim-code: 'var o: object
o := s......'
2026-08-31 21:09:22: ###E:.Models.SourceTrigger.SourceRandom.Kante7|FRO=Source|TO=Line###

=========== .Models.SourceTrigger.SourceRandom.Source  [Source]  result=success ===========
2026-08-31 21:09:22: Log file opened! Application Version: 2606.0002, UTC: 2026-08-31 13:09:22
2026-08-31 21:09:22: execute sim-code: 'var o: object
o := s......'

=========== .Models.SourceTrigger.SourceTrigger.Connector  [Connector]  result=success ===========
2026-08-31 21:09:22: Log file opened! Application Version: 2606.0002, UTC: 2026-08-31 13:09:22
2026-08-31 21:09:22: execute sim-code: 'var o: object
o := s......'
2026-08-31 21:09:22: ###E:.Models.SourceTrigger.SourceTrigger.Connector|FRO=Line|TO=Drain###

=========== .Models.SourceTrigger.SourceTrigger.EventController  [EventController]  result=success ===========
2026-08-31 21:09:22: Log file opened! Application Version: 2606.0002, UTC: 2026-08-31 13:09:22
2026-08-31 21:09:22: execute sim-code: 'var o: object
o := s......'

=========== .Models.SourceTrigger.SourceTrigger.Kante7  [Connector]  result=success ===========
2026-08-31 21:09:22: Log file opened! Application Version: 2606.0002, UTC: 2026-08-31 13:09:22
2026-08-31 21:09:22: execute sim-code: 'var o: object
o := s......'
2026-08-31 21:09:22: ###E:.Models.SourceTrigger.SourceTrigger.Kante7|FRO=Source|TO=Line###

=========== .Models.SourceTrigger.SourceTrigger.Source  [Source]  result=success ===========
2026-08-31 21:09:23: Log file opened! Application Version: 2606.0002, UTC: 2026-08-31 13:09:23
2026-08-31 21:09:23: execute sim-code: 'var o: object
o := s......'

=========== .Models.internal.Admin.DropDownList  [DropDownList]  result=success ===========
2026-08-31 21:09:23: Log file opened! Application Version: 2606.0002, UTC: 2026-08-31 13:09:23
2026-08-31 21:09:23: execute sim-code: 'var o: object
o := s......'

=========== .Models.internal.DropDownList  [DropDownList]  result=success ===========
2026-08-31 21:09:23: Log file opened! Application Version: 2606.0002, UTC: 2026-08-31 13:09:23
2026-08-31 21:09:23: execute sim-code: 'var o: object
o := s......'
