=== Batch: batch_001 (4 paths) ===
  - .Models.internal.Localization.getMessage  [Method]
  - .Models.internal.Localization.getText  [Method]
  - .Models.internal.Admin  [Frame]
  - .Models.internal.Admin.Folder4Objects  [Variable]

--- LOG ---
2026-08-31 20:57:09: Log file opened! Application Version: 2606.0002, UTC: 2026-08-31 12:57:09
2026-08-31 20:57:10: execute sim-code: 'var o: object


o :=......'
2026-08-31 20:57:10: ###B:.Models.internal.Localization.getMessage###
2026-08-31 20:57:10: T=Method
2026-08-31 20:57:10: N=getMessage
2026-08-31 20:57:10: PROG_LEN=724
2026-08-31 20:57:10: ###P:.Models.internal.Localization.getMessage###
2026-08-31 20:57:10: param MsgNumber : integer, p1,p2,p3 : any->string

var mess, s1, s2, s3	: string
var pos1, pos2, pos3	: integer

if messageTab.YDIm<MsgNumber 
	mess := getText( 1 )
	s1 := to_str( MsgNumber )
else
	mess := messageTab[ UserInterfaceLanguage+1, MsgNumber ]
	if mess = "" 
		mess := messageTab[ "ENU", MsgNumber ]
	end
end

s1 := to_str(p1)
s2 := to_str(p2)
s3 := to_str(p3)

pos1 := strLpos("$1", mess)
pos2 := strLpos("$2", mess)
pos3 := strLpos("$3", mess)

if pos3 > 0 
	mess := strIncl(s3, mess, pos3+2)
	mess := strOmit(mess, pos3, 2)
end
if pos2 > 0 
	mess := strIncl(s2, mess, pos2+2)
	mess := strOmit(mess, pos2, 2)
end
if pos1 > 0 
	mess := strIncl(s1, mess, pos1+2)
	mess := strOmit(mess, pos1, 2)
end
result := mess
2026-08-31 20:57:10: ###PE:.Models.internal.Localization.getMessage###
2026-08-31 20:57:10: ###E:.Models.internal.Localization.getMessage###
2026-08-31 20:57:10: ###B:.Models.internal.Localization.getText###
2026-08-31 20:57:10: T=Method
2026-08-31 20:57:10: N=getText
2026-08-31 20:57:10: PROG_LEN=152
2026-08-31 20:57:10: ###P:.Models.internal.Localization.getText###
2026-08-31 20:57:10: param  index : integer  -> string

result := messageTab[UserInterfaceLanguage+1, index ]
if strLen(result) < 1 
	result := messageTab["ENU", index ]
end
2026-08-31 20:57:10: ###PE:.Models.internal.Localization.getText###
2026-08-31 20:57:10: ###E:.Models.internal.Localization.getText###
2026-08-31 20:57:10: ###B:.Models.internal.Admin###
2026-08-31 20:57:10: T=Frame
2026-08-31 20:57:10: N=Admin
2026-08-31 20:57:10: F=1
2026-08-31 20:57:10: ###E:.Models.internal.Admin###
2026-08-31 20:57:10: ###B:.Models.internal.Admin.Folder4Objects###
2026-08-31 20:57:10: T=Variable
2026-08-31 20:57:10: N=Folder4Objects

