=== Batch: batch_023 (4 paths) ===
  - .Models.SourceTrigger.SourceRandom.Readme  [Comment]
  - .Models.SourceTrigger.SourceRandom.Liesmich  [Comment]
  - .Models.SourceTrigger.SourceRandom.Drain  [Drain]
  - .Models.SourceTrigger.SourceRandom.Frequencies  [DataTable]

--- LOG ---
2026-08-31 20:57:29: Log file opened! Application Version: 2606.0002, UTC: 2026-08-31 12:57:29
2026-08-31 20:57:29: execute sim-code: 'var o: object


o :=......'
2026-08-31 20:57:29: ###B:.Models.SourceTrigger.SourceRandom.Readme###
2026-08-31 20:57:29: T=Comment
2026-08-31 20:57:29: N=Readme
2026-08-31 20:57:29: C_TYPE=Comment
2026-08-31 20:57:29: ###E:.Models.SourceTrigger.SourceRandom.Readme###
2026-08-31 20:57:29: ###B:.Models.SourceTrigger.SourceRandom.Liesmich###
2026-08-31 20:57:29: T=Comment
2026-08-31 20:57:29: N=Liesmich
2026-08-31 20:57:29: C_TYPE=Comment
2026-08-31 20:57:29: ###E:.Models.SourceTrigger.SourceRandom.Liesmich###
2026-08-31 20:57:29: ###B:.Models.SourceTrigger.SourceRandom.Drain###
2026-08-31 20:57:29: T=Drain
2026-08-31 20:57:29: N=Drain
2026-08-31 20:57:29: D=1
2026-08-31 20:57:29: ###E:.Models.SourceTrigger.SourceRandom.Drain###
2026-08-31 20:57:29: ###B:.Models.SourceTrigger.SourceRandom.Frequencies###
2026-08-31 20:57:29: T=DataTable
2026-08-31 20:57:29: N=Frequencies
2026-08-31 20:57:29: ROWS=2
2026-08-31 20:57:29: COLS=3
2026-08-31 20:57:29: ###DT:.Models.SourceTrigger.SourceRandom.Frequencies###

