=== Batch: batch_007 (4 paths) ===
  - .Models.internal.Admin.greenRectangle  [Method]
  - .Models.internal.Admin.CalcScore  [Method]
  - .Models.internal.Admin.CountOccur  [Method]
  - .Models.internal.Admin.MarkText  [Method]

--- LOG ---
2026-08-31 20:57:16: Log file opened! Application Version: 2606.0002, UTC: 2026-08-31 12:57:16
2026-08-31 20:57:16: execute sim-code: 'var o: object


o :=......'
2026-08-31 20:57:16: ###B:.Models.internal.Admin.greenRectangle###
2026-08-31 20:57:16: T=Method
2026-08-31 20:57:16: N=greenRectangle
2026-08-31 20:57:16: PROG_LEN=109
2026-08-31 20:57:16: ###P:.Models.internal.Admin.greenRectangle###
2026-08-31 20:57:16: -- instantiate this method and call it
current.drawRectangle(555, 0,0, 250,100, makeRGBValue(170,255,213),-1)
2026-08-31 20:57:16: ###PE:.Models.internal.Admin.greenRectangle###
2026-08-31 20:57:16: ###E:.Models.internal.Admin.greenRectangle###
2026-08-31 20:57:16: ###B:.Models.internal.Admin.CalcScore###
2026-08-31 20:57:16: T=Method
2026-08-31 20:57:16: N=CalcScore
2026-08-31 20:57:16: PROG_LEN=595
2026-08-31 20:57:16: ###P:.Models.internal.Admin.CalcScore###
2026-08-31 20:57:16: -- Called by; startSearch (row 62)
param tab:integer,word:string,str:string -> integer
var score:integer
switch tab -- column of ExampleTab
-- case 2
	-- score += 1 -- column 'Name of the frame': like .Models.Container.WorkpieceCarrier (name of the obj file is not a good characteristic for the example)
case 4
	score += 10 -- column 'key words'
case 5
	score += 15+CountOccur(word,str,5) -- TitleENU
case 6
	score += 15+CountOccur(word,str,6) -- TitleDEU
case 7
	score += 10+CountOccur(word,str,7) -- DescriptionENU
case 8
	score += 10+CountOccur(word,str,8) -- DescriptionDEU
end

return score
2026-08-31 20:57:16: ###PE:.Models.internal.Admin.CalcScore###
2026-08-31 20:57:16: ###E:.Models.internal.Admin.CalcScore###
2026-08-31 20:57:16: ###B:.Models.internal.Admin.CountOccur###
2026-08-31 20:57:16: T=Method
2026-08-31 20:57:16: N=CountOccur
2026-08-31 20:57:16: PROG_LEN=619
2026-08-31 20:57:16: ###P:.Models.internal.Admin.CountOccur###
2026-08-31 20:57:16: -- called by: CalcScore
param word:string,str:string,tab:integer -> integer
-- tab: column of table 'ExampleTab'
-- word = searchStr, str = strToLower(searchStr)
var occurences:integer
var iterate:=true
var idx:integer
while iterate
	idx:=strLpos(str,word)
	if idx>0
		occurences+=1
		word:=strOmit(word,0,idx+strlen(str))
		var delimiter:=strAscii(strToUpper(strCopy(word,1,1)))
		if (delimiter>128 or (delimiter>=65 and delimiter<=90))
			occurences+=1
		else
			if tab=5 or tab=6 -- TitleDEU or TitleENU
				occurences += 10
			else
				occurences += 2
			end
		end
	else
		iterate:=false
	end
end

return occurences
2026-08-31 20:57:16: ###PE:.Models.internal.Admin.CountOccur###
2026-08-31 20:57:16: ###E:.Models.internal.Admin.CountOccur###
2026-08-31 20:57:16: ###B:.Models.internal.Admin.MarkText###
2026-08-31 20:57:16: T=Method
2026-08-31 20:57:16: N=MarkText
2026-08-31 20:57:16: PROG_LEN=385
2026-08-31 20:57:16: ###P:.Models.internal.Admin.MarkText###
2026-08-31 20:57:16: -- called by: DisplayResults(table)
param word:string,str:string -> string
var html_marking:="<mark>"+str+"</mark>"

var titleCase:=strToUpper(strCopy(str,1,1))+strCopy(str,2,strlen(str)-1)
var html_marking_title:="<mark>"+titleCase+"</mark>"

var html_text:string:=regex_replace(word,str,html_marking)
html_text:=regex_replace(html_text,titleCase,html_marking_title)

return html_text
2026-08-31 20:57:16: ###PE:.Models.internal.Admin.MarkText###
2026-08-31 20:57:16: ###E:.Models.internal.Admin.MarkText###

