=== Batch: batch_020 (4 paths) ===
  - .Models.SourceTrigger.SourceIntervalAdjustable.Line  [Conveyor]
  - .Models.SourceTrigger.SourceIntervalAdjustable.Line1  [Conveyor]
  - .Models.SourceTrigger.SourceIntervalAdjustable.Line2  [Conveyor]
  - .Models.SourceTrigger.SourceIntervalAdjustable.Connector  [Connector]

--- LOG ---
2026-08-31 20:57:27: Log file opened! Application Version: 2606.0002, UTC: 2026-08-31 12:57:27
2026-08-31 20:57:27: execute sim-code: 'var o: object


o :=......'
2026-08-31 20:57:27: ###B:.Models.SourceTrigger.SourceIntervalAdjustable.Line###
2026-08-31 20:57:27: T=Conveyor
2026-08-31 20:57:27: N=Line
2026-08-31 20:57:27: C_LEN=20
2026-08-31 20:57:27: C_WIDTH=1
2026-08-31 20:57:27: ###E:.Models.SourceTrigger.SourceIntervalAdjustable.Line###
2026-08-31 20:57:27: ###B:.Models.SourceTrigger.SourceIntervalAdjustable.Line1###
2026-08-31 20:57:27: T=Conveyor
2026-08-31 20:57:27: N=Line1
2026-08-31 20:57:27: C_LEN=20
2026-08-31 20:57:27: C_WIDTH=1
2026-08-31 20:57:27: ###E:.Models.SourceTrigger.SourceIntervalAdjustable.Line1###
2026-08-31 20:57:27: ###B:.Models.SourceTrigger.SourceIntervalAdjustable.Line2###
2026-08-31 20:57:27: T=Conveyor
2026-08-31 20:57:27: N=Line2
2026-08-31 20:57:27: C_LEN=20
2026-08-31 20:57:27: C_WIDTH=1
2026-08-31 20:57:27: ###E:.Models.SourceTrigger.SourceIntervalAdjustable.Line2###
2026-08-31 20:57:27: ###B:.Models.SourceTrigger.SourceIntervalAdjustable.Connector###
2026-08-31 20:57:27: T=Connector
2026-08-31 20:57:27: N=Connector

