=== Batch: batch_032 (4 paths) ===
  - .Models.SourceTrigger.B  [Part]
  - .Models.SourceTrigger.C  [Part]
  - .Models.Animation3D  [Folder]
  - .Models.Animation3D.RobotArm  [Frame]

--- LOG ---
2026-08-31 20:57:36: Log file opened! Application Version: 2606.0002, UTC: 2026-08-31 12:57:36
2026-08-31 20:57:36: execute sim-code: 'var o: object


o :=......'
2026-08-31 20:57:36: ###B:.Models.SourceTrigger.B###
2026-08-31 20:57:36: T=Part
2026-08-31 20:57:36: N=B
2026-08-31 20:57:36: C_TYPE=Part
2026-08-31 20:57:36: ###E:.Models.SourceTrigger.B###
2026-08-31 20:57:36: ###B:.Models.SourceTrigger.C###
2026-08-31 20:57:36: T=Part
2026-08-31 20:57:36: N=C
2026-08-31 20:57:36: C_TYPE=Part
2026-08-31 20:57:36: ###E:.Models.SourceTrigger.C###
2026-08-31 20:57:36: ###B:.Models.Animation3D###
2026-08-31 20:57:36: T=Folder
2026-08-31 20:57:36: N=Animation3D
2026-08-31 20:57:36: F=1
2026-08-31 20:57:36: ###E:.Models.Animation3D###
2026-08-31 20:57:36: ###B:.Models.Animation3D.RobotArm###
2026-08-31 20:57:36: T=Frame
2026-08-31 20:57:36: N=RobotArm
2026-08-31 20:57:36: F=1
2026-08-31 20:57:36: ###E:.Models.Animation3D.RobotArm###

