=== Batch: batch_006 (4 paths) ===
  - .Models.internal.Admin.saveObject  [Method]
  - .Models.internal.Admin.OpenGeneralTable  [Method]
  - .Models.internal.Admin.move_AxesOrigin  [Method]
  - .Models.internal.Admin.ExampleTab  [DataTable]

--- LOG ---
2026-08-31 20:57:14: Log file opened! Application Version: 2606.0002, UTC: 2026-08-31 12:57:14
2026-08-31 20:57:15: execute sim-code: 'var o: object


o :=......'
2026-08-31 20:57:15: ###B:.Models.internal.Admin.saveObject###
2026-08-31 20:57:15: T=Method
2026-08-31 20:57:15: N=saveObject
2026-08-31 20:57:15: PROG_LEN=1036
2026-08-31 20:57:15: ###P:.Models.internal.Admin.saveObject###
2026-08-31 20:57:15: var FolderStr:string := Folder4Objects -- generated from modelFile (autoexec)
if NOT existsFile(FolderStr) 
	str := modelFile
	FolderStr := strCopy(str,1,StrRpos("\\",str))
	Folder4Objects := FolderStr
end

if setCurrentDirectory(FolderStr) 
	print "The current Example Collection is: ",FolderStr
else
	print "Unknown folder '",FolderStr,"'"
	return
end

if .Models.numNodes > 2
	messageBox(to_str("It is only allowed",strChr(10),"to save a single object."), 1, 1)
	return
end

var GeneralTab:table := ~.SelDlg.GeneralTable

for var j := 1 to .Models.numNodes 
	var FrameObj:object := .Models.node(j)
	if FrameObj.name /= "internal" 
		var str:string := FrameObj.name
		
		for var cat := 1 to GeneralTab.yDim
			var catTab:table := GeneralTab[1,cat]
			catTab.setCursor(2,1)
			if catTab.find({2,1}..{2,*},str)
				str := catTab[2,catTab.cursorY]
			end
		next
	
		str := to_str(str,".obj")
		--closeDialog
		if FrameObj.writeObject(str,false)  -- no library
			print "Save ",str
			return
		end
	end
next
print "No example was loaded."
2026-08-31 20:57:15: ###PE:.Models.internal.Admin.saveObject###
2026-08-31 20:57:15: ###E:.Models.internal.Admin.saveObject###
2026-08-31 20:57:15: ###B:.Models.internal.Admin.OpenGeneralTable###
2026-08-31 20:57:15: T=Method
2026-08-31 20:57:15: N=OpenGeneralTable
2026-08-31 20:57:15: PROG_LEN=32
2026-08-31 20:57:15: ###P:.Models.internal.Admin.OpenGeneralTable###
2026-08-31 20:57:15: ~.SelDlg.GeneralTable.opendialog
2026-08-31 20:57:15: ###PE:.Models.internal.Admin.OpenGeneralTable###
2026-08-31 20:57:15: ###E:.Models.internal.Admin.OpenGeneralTable###
2026-08-31 20:57:15: ###B:.Models.internal.Admin.move_AxesOrigin###
2026-08-31 20:57:15: T=Method
2026-08-31 20:57:15: N=move_AxesOrigin
2026-08-31 20:57:15: PROG_LEN=254
2026-08-31 20:57:15: ###P:.Models.internal.Admin.move_AxesOrigin###
2026-08-31 20:57:15: -- move_AxesOrigin
for var j := 1 to numNodes
	var obj:object := node(j)
	obj.Coordinate3D[1] += 15
	obj.Coordinate3D[2] -= 15
next

AxesOrigin := [0.0,0]
return
eraseLayer(0)
drawRectangle(0, 0,0, 500,100, makeRGBValue(170,255,213),-1)
self.deleteObject
2026-08-31 20:57:15: ###PE:.Models.internal.Admin.move_AxesOrigin###
2026-08-31 20:57:15: ###E:.Models.internal.Admin.move_AxesOrigin###
2026-08-31 20:57:15: ###B:.Models.internal.Admin.ExampleTab###
2026-08-31 20:57:15: T=DataTable
2026-08-31 20:57:15: N=ExampleTab
2026-08-31 20:57:15: ROWS=0
2026-08-31 20:57:15: COLS=0
2026-08-31 20:57:15: ###DT:.Models.internal.Admin.ExampleTab###

