=== Batch: batch_010 (4 paths) ===
  - .Models.internal.ReadMe  [Comment]
  - .Models.internal.LiesMich  [Comment]
  - .Models.internal.DropDownList  [DropDownList]
  - .Models.internal.Comment  [Comment]

--- LOG ---
2026-08-31 20:57:19: Log file opened! Application Version: 2606.0002, UTC: 2026-08-31 12:57:19
2026-08-31 20:57:19: execute sim-code: 'var o: object


o :=......'
2026-08-31 20:57:19: ###B:.Models.internal.ReadMe###
2026-08-31 20:57:19: T=Comment
2026-08-31 20:57:19: N=ReadMe
2026-08-31 20:57:19: C_TYPE=Comment
2026-08-31 20:57:19: ###E:.Models.internal.ReadMe###
2026-08-31 20:57:19: ###B:.Models.internal.LiesMich###
2026-08-31 20:57:19: T=Comment
2026-08-31 20:57:19: N=LiesMich
2026-08-31 20:57:19: C_TYPE=Comment
2026-08-31 20:57:19: ###E:.Models.internal.LiesMich###
2026-08-31 20:57:19: ###B:.Models.internal.DropDownList###
2026-08-31 20:57:19: T=DropDownList
2026-08-31 20:57:19: N=DropDownList
2026-08-31 20:57:19: C_TYPE=DropDownList
2026-08-31 20:57:19: ###E:.Models.internal.DropDownList###
2026-08-31 20:57:19: ###B:.Models.internal.Comment###
2026-08-31 20:57:19: T=Comment
2026-08-31 20:57:19: N=Comment
2026-08-31 20:57:19: C_TYPE=Comment
2026-08-31 20:57:19: ###E:.Models.internal.Comment###

